--------- beginning of main
12-16 09:20:37.724 E/sic.audioplayer(17058): Not starting debugger since process cannot load the jdwp agent.
12-16 09:20:37.862 W/sic.audioplayer(17058): Failed to find entry 'classes.dex': Entry not found
12-16 09:20:37.933 W/sic.audioplayer(17058): ClassLoaderContext classpath size mismatch. expected=1, found=0 (DLC[];PCL[base.apk*2084529788]{PCL[/system/framework/org.apache.http.legacy.jar*2001478317]#PCL[/system/framework/com.android.media.remotedisplay.jar*487574312]#PCL[/system/framework/com.android.location.provider.jar*1570284764]#PCL[/system_ext/framework/androidx.window.extensions.jar*3210150721]#PCL[/system_ext/framework/androidx.window.sidecar.jar*3925677193]} | DLC[];PCL[])
12-16 09:20:37.945 E/ashmem  (17058): Pinning is deprecated since Android Q. Please use trim or other methods.
12-16 09:20:37.968 W/System  (17058): ClassLoader referenced unknown path: 
12-16 09:20:38.007 E/dioplayer:media(17104): Not starting debugger since process cannot load the jdwp agent.
12-16 09:20:38.069 W/dioplayer:media(17104): Failed to find entry 'classes.dex': Entry not found
12-16 09:20:38.086 W/sic.audioplayer(17058): ClassLoaderContext classpath element checksum mismatch. expected=2084529788, found=3753320564 (DLC[];PCL[base.apk*2084529788]{PCL[/system/framework/org.apache.http.legacy.jar*2001478317]#PCL[/system/framework/com.android.media.remotedisplay.jar*487574312]#PCL[/system/framework/com.android.location.provider.jar*1570284764]#PCL[/system_ext/framework/androidx.window.extensions.jar*3210150721]#PCL[/system_ext/framework/androidx.window.sidecar.jar*3925677193]} | DLC[];PCL[/data/app/~~hXbUeudN0VENSv-0_AtuVA==/musicplayer.playmusic.audioplayer-Uzh23avCe7WguqtjYX1lRA==/base.apk*3753320564]{PCL[/system_ext/framework/androidx.window.extensions.jar*3210150721]#PCL[/system_ext/framework/androidx.window.sidecar.jar*3925677193]})
12-16 09:20:38.138 W/QT      (17058): qt_process_init() called
12-16 09:20:38.138 E/QT      (17058): [QT]file does not exist
12-16 09:20:38.138 W/QT      (17058): Support!!
12-16 09:20:38.206 E/ashmem  (17104): Pinning is deprecated since Android Q. Please use trim or other methods.
12-16 09:20:38.211 W/dioplayer:media(17104): ClassLoaderContext classpath size mismatch. expected=1, found=0 (DLC[];PCL[base.apk*2084529788]{PCL[/system/framework/org.apache.http.legacy.jar*2001478317]#PCL[/system/framework/com.android.media.remotedisplay.jar*487574312]#PCL[/system/framework/com.android.location.provider.jar*1570284764]#PCL[/system_ext/framework/androidx.window.extensions.jar*3210150721]#PCL[/system_ext/framework/androidx.window.sidecar.jar*3925677193]} | DLC[];PCL[])
12-16 09:20:38.260 W/System  (17104): ClassLoader referenced unknown path: 
12-16 09:20:38.280 W/dioplayer:media(17104): ClassLoaderContext classpath element checksum mismatch. expected=2084529788, found=3753320564 (DLC[];PCL[base.apk*2084529788]{PCL[/system/framework/org.apache.http.legacy.jar*2001478317]#PCL[/system/framework/com.android.media.remotedisplay.jar*487574312]#PCL[/system/framework/com.android.location.provider.jar*1570284764]#PCL[/system_ext/framework/androidx.window.extensions.jar*3210150721]#PCL[/system_ext/framework/androidx.window.sidecar.jar*3925677193]} | DLC[];PCL[/data/app/~~hXbUeudN0VENSv-0_AtuVA==/musicplayer.playmusic.audioplayer-Uzh23avCe7WguqtjYX1lRA==/base.apk*3753320564]{PCL[/system_ext/framework/androidx.window.extensions.jar*3210150721]#PCL[/system_ext/framework/androidx.window.sidecar.jar*3925677193]})
12-16 09:20:38.457 E/dioplayer:media(17104): No package ID 6a found for resource ID 0x6a0b0013.
12-16 09:20:38.549 E/sic.audioplayer(17058): No package ID 6a found for resource ID 0x6a0b0013.
12-16 09:20:38.567 W/Settings(17058): Setting android_id has moved from android.provider.Settings.System to android.provider.Settings.Secure, returning read-only value.
12-16 09:20:38.581 W/MediaPlayer(17104): Use of stream types is deprecated for operations other than volume control
12-16 09:20:38.581 W/MediaPlayer(17104): See the documentation of setAudioStreamType() for what to use instead with android.media.AudioAttributes to qualify your playback use case
12-16 09:20:38.623 W/MediaPlayer(17104): Use of stream types is deprecated for operations other than volume control
12-16 09:20:38.623 W/MediaPlayer(17104): See the documentation of setAudioStreamType() for what to use instead with android.media.AudioAttributes to qualify your playback use case
12-16 09:20:38.810 W/sic.audioplayer(17058): Failed to find entry 'classes.dex': Entry not found
12-16 09:20:38.869 W/sic.audioplayer(17058): ClassLoaderContext type mismatch. expected=PCL, found=DLC (PCL[] | DLC[];PCL[/data/app/~~hXbUeudN0VENSv-0_AtuVA==/musicplayer.playmusic.audioplayer-Uzh23avCe7WguqtjYX1lRA==/base.apk*3753320564]{PCL[/system_ext/framework/androidx.window.extensions.jar*3210150721]#PCL[/system_ext/framework/androidx.window.sidecar.jar*3925677193]})
12-16 09:20:38.968 E/AudioSystem-JNI(17104): Command failed for android_media_AudioSystem_setParameters: -1
12-16 09:20:38.978 E/AudioSystem-JNI(17104): Command failed for android_media_AudioSystem_setParameters: -1
12-16 09:20:39.121 W/WindowOnBackDispatcher(17058): OnBackInvokedCallback is not enabled for the application.
12-16 09:20:39.121 W/WindowOnBackDispatcher(17058): Set 'android:enableOnBackInvokedCallback="true"' in the application manifest.
12-16 09:20:39.158 W/HWUI    (17058): Unknown dataspace 0
12-16 09:20:39.213 E/chromium(17058): [1216/092039.210709:ERROR:android_webview/browser/variations/variations_seed_loader.cc:39] Seed missing signature.
12-16 09:20:39.226 W/System.err(17058): java.net.MalformedURLException: no protocol: 
12-16 09:20:39.229 W/System.err(17058): 	at java.net.URL.<init>(URL.java:601)
12-16 09:20:39.229 W/System.err(17058): 	at java.net.URL.<init>(URL.java:498)
12-16 09:20:39.229 W/System.err(17058): 	at java.net.URL.<init>(URL.java:447)
12-16 09:20:39.229 W/System.err(17058): 	at Z8.d.b(ConfigUtils.java:18)
12-16 09:20:39.229 W/System.err(17058): 	at E.j.run(CustomTabsClient.java:59)
12-16 09:20:39.229 W/System.err(17058): 	at java.lang.Thread.run(Thread.java:1119)
12-16 09:20:39.602 W/chromium(17058): [WARNING:android_webview/browser/network_service/net_helpers.cc:143] HTTP Cache size is: 20971520
12-16 09:20:39.810 W/sic.audioplayer(17058): Suspending all threads took: 6.412ms
12-16 09:20:39.898 E/sic.audioplayer(17058): hiddenapi: Accessing hidden field Landroid/webkit/WebViewFactory;->sDataDirectorySuffix:Ljava/lang/String; (runtime_flags=0, domain=platform, api=max-target-o) from Lcom/bytedance/sdk/openadsdk/multipro/aAs; (domain=app) using reflection: denied
12-16 09:20:39.923 E/sic.audioplayer(17058): [perfctl] 17058 17058 FPSGO ver:0
12-16 09:20:39.924 E/sic.audioplayer(17058): [perfctl] 0 0 0 0
12-16 09:20:40.091 W/Settings(17058): Setting adb_enabled has moved from android.provider.Settings.Secure to android.provider.Settings.Global.
12-16 09:20:40.170 W/libc    (17058): Access denied finding property "ro.serialno"
12-16 09:20:40.181 W/Settings(17058): Setting animator_duration_scale has moved from android.provider.Settings.System to android.provider.Settings.Global, returning read-only value.
12-16 09:20:40.227 W/cr_media(17058): BLUETOOTH_CONNECT permission is missing.
12-16 09:20:40.235 W/cr_media(17058): getBluetoothAdapter() requires BLUETOOTH permission
12-16 09:20:40.235 W/cr_media(17058): registerBluetoothIntentsIfNeeded: Requires BLUETOOTH permission
12-16 09:20:40.463 W/libc    (17058): Access denied finding property "qemu.hw.mainkeys"
12-16 09:20:40.464 W/libc    (17058): Access denied finding property "vendor.qemu.timezone"
12-16 09:20:40.464 W/libc    (17058): Access denied finding property "vendor.qemu.vport.bluetooth"
12-16 09:20:40.464 W/libc    (17058): Access denied finding property "vendor.qemu.sf.fake_camera"
12-16 09:20:40.465 W/libc    (17058): Access denied finding property "vendor.qemu.dev.bootcomplete"
12-16 09:20:40.465 W/libc    (17058): Access denied finding property "vendor.qemu.vport.modem"
12-16 09:20:40.465 W/libc    (17058): Access denied finding property "qemu.sf.lcd_density"
12-16 09:20:40.588 W/libc    (17058): Access--------- beginning of main
12-16 09:20:37.724 E/sic.audioplayer(17058): Not starting debugger since process cannot load the jdwp agent.
12-16 09:20:37.862 W/sic.audioplayer(17058): Failed to find entry 'classes.dex': Entry not found
12-16 09:20:37.933 W/sic.audioplayer(17058): ClassLoaderContext classpath size mismatch. expected=1, found=0 (DLC[];PCL[base.apk*2084529788]{PCL[/system/framework/org.apache.http.legacy.jar*2001478317]#PCL[/system/framework/com.android.media.remotedisplay.jar*487574312]#PCL[/system/framework/com.android.location.provider.jar*1570284764]#PCL[/system_ext/framework/androidx.window.extensions.jar*3210150721]#PCL[/system_ext/framework/androidx.window.sidecar.jar*3925677193]} | DLC[];PCL[])
12-16 09:20:37.945 E/ashmem  (17058): Pinning is deprecated since Android Q. Please use trim or other methods.
12-16 09:20:37.968 W/System  (17058): ClassLoader referenced unknown path: 
12-16 09:20:38.007 E/dioplayer:media(17104): Not starting debugger since process cannot load the jdwp agent.
12-16 09:20:38.069 W/dioplayer:media(17104): Failed to find entry 'classes.dex': Entry not found
12-16 09:20:38.086 W/sic.audioplayer(17058): ClassLoaderContext classpath element checksum mismatch. expected=2084529788, found=3753320564 (DLC[];PCL[base.apk*2084529788]{PCL[/system/framework/org.apache.http.legacy.jar*2001478317]#PCL[/system/framework/com.android.media.remotedisplay.jar*487574312]#PCL[/system/framework/com.android.location.provider.jar*1570284764]#PCL[/system_ext/framework/androidx.window.extensions.jar*3210150721]#PCL[/system_ext/framework/androidx.window.sidecar.jar*3925677193]} | DLC[];PCL[/data/app/~~hXbUeudN0VENSv-0_AtuVA==/musicplayer.playmusic.audioplayer-Uzh23avCe7WguqtjYX1lRA==/base.apk*3753320564]{PCL[/system_ext/framework/androidx.window.extensions.jar*3210150721]#PCL[/system_ext/framework/androidx.window.sidecar.jar*3925677193]})
12-16 09:20:38.138 W/QT      (17058): qt_process_init() called
12-16 09:20:38.138 E/QT      (17058): [QT]file does not exist
12-16 09:20:38.138 W/QT      (17058): Support!!
12-16 09:20:38.206 E/ashmem  (17104): Pinning is deprecated since Android Q. Please use trim or other methods.
12-16 09:20:38.211 W/dioplayer:media(17104): ClassLoaderContext classpath size mismatch. expected=1, found=0 (DLC[];PCL[base.apk*2084529788]{PCL[/system/framework/org.apache.http.legacy.jar*2001478317]#PCL[/system/framework/com.android.media.remotedisplay.jar*487574312]#PCL[/system/framework/com.android.location.provider.jar*1570284764]#PCL[/system_ext/framework/androidx.window.extensions.jar*3210150721]#PCL[/system_ext/framework/androidx.window.sidecar.jar*3925677193]} | DLC[];PCL[])
12-16 09:20:38.260 W/System  (17104): ClassLoader referenced unknown path: 
12-16 09:20:38.280 W/dioplayer:media(17104): ClassLoaderContext classpath element checksum mismatch. expected=2084529788, found=3753320564 (DLC[];PCL[base.apk*2084529788]{PCL[/system/framework/org.apache.http.legacy.jar*2001478317]#PCL[/system/framework/com.android.media.remotedisplay.jar*487574312]#PCL[/system/framework/com.android.location.provider.jar*1570284764]#PCL[/system_ext/framework/androidx.window.extensions.jar*3210150721]#PCL[/system_ext/framework/androidx.window.sidecar.jar*3925677193]} | DLC[];PCL[/data/app/~~hXbUeudN0VENSv-0_AtuVA==/musicplayer.playmusic.audioplayer-Uzh23avCe7WguqtjYX1lRA==/base.apk*3753320564]{PCL[/system_ext/framework/androidx.window.extensions.jar*3210150721]#PCL[/system_ext/framework/androidx.window.sidecar.jar*3925677193]})
12-16 09:20:38.457 E/dioplayer:media(17104): No package ID 6a found for resource ID 0x6a0b0013.
12-16 09:20:38.549 E/sic.audioplayer(17058): No package ID 6a found for resource ID 0x6a0b0013.
12-16 09:20:38.567 W/Settings(17058): Setting android_id has moved from android.provider.Settings.System to android.provider.Settings.Secure, returning read-only value.
12-16 09:20:38.581 W/MediaPlayer(17104): Use of stream types is deprecated for operations other than volume control
12-16 09:20:38.581 W/MediaPlayer(17104): See the documentation of setAudioStreamType() for what to use instead with android.media.AudioAttributes to qualify your playback use case
12-16 09:20:38.623 W/MediaPlayer(17104): Use of stream types is deprecated for operations other than volume control
12-16 09:20:38.623 W/MediaPlayer(17104): See the documentation of setAudioStreamType() for what to use instead with android.media.AudioAttributes to qualify your playback use case
12-16 09:20:38.810 W/sic.audioplayer(17058): Failed to find entry 'classes.dex': Entry not found
12-16 09:20:38.869 W/sic.audioplayer(17058): ClassLoaderContext type mismatch. expected=PCL, found=DLC (PCL[] | DLC[];PCL[/data/app/~~hXbUeudN0VENSv-0_AtuVA==/musicplayer.playmusic.audioplayer-Uzh23avCe7WguqtjYX1lRA==/base.apk*3753320564]{PCL[/system_ext/framework/androidx.window.extensions.jar*3210150721]#PCL[/system_ext/framework/androidx.window.sidecar.jar*3925677193]})
12-16 09:20:38.968 E/AudioSystem-JNI(17104): Command failed for android_media_AudioSystem_setParameters: -1
12-16 09:20:38.978 E/AudioSystem-JNI(17104): Command failed for android_media_AudioSystem_setParameters: -1
12-16 09:20:39.121 W/WindowOnBackDispatcher(17058): OnBackInvokedCallback is not enabled for the application.
12-16 09:20:39.121 W/WindowOnBackDispatcher(17058): Set 'android:enableOnBackInvokedCallback="true"' in the application manifest.
12-16 09:20:39.158 W/HWUI    (17058): Unknown dataspace 0
12-16 09:20:39.213 E/chromium(17058): [1216/092039.210709:ERROR:android_webview/browser/variations/variations_seed_loader.cc:39] Seed missing signature.
12-16 09:20:39.226 W/System.err(17058): java.net.MalformedURLException: no protocol: 
12-16 09:20:39.229 W/System.err(17058): 	at java.net.URL.<init>(URL.java:601)
12-16 09:20:39.229 W/System.err(17058): 	at java.net.URL.<init>(URL.java:498)
12-16 09:20:39.229 W/System.err(17058): 	at java.net.URL.<init>(URL.java:447)
12-16 09:20:39.229 W/System.err(17058): 	at Z8.d.b(ConfigUtils.java:18)
12-16 09:20:39.229 W/System.err(17058): 	at E.j.run(CustomTabsClient.java:59)
12-16 09:20:39.229 W/System.err(17058): 	at java.lang.Thread.run(Thread.java:1119)
12-16 09:20:39.602 W/chromium(17058): [WARNING:android_webview/browser/network_service/net_helpers.cc:143] HTTP Cache size is: 20971520
12-16 09:20:39.810 W/sic.audioplayer(17058): Suspending all threads took: 6.412ms
12-16 09:20:39.898 E/sic.audioplayer(17058): hiddenapi: Accessing hidden field Landroid/webkit/WebViewFactory;->sDataDirectorySuffix:Ljava/lang/String; (runtime_flags=0, domain=platform, api=max-target-o) from Lcom/bytedance/sdk/openadsdk/multipro/aAs; (domain=app) using reflection: denied
12-16 09:20:39.923 E/sic.audioplayer(17058): [perfctl] 17058 17058 FPSGO ver:0
12-16 09:20:39.924 E/sic.audioplayer(17058): [perfctl] 0 0 0 0
12-16 09:20:40.091 W/Settings(17058): Setting adb_enabled has moved from android.provider.Settings.Secure to android.provider.Settings.Global.
12-16 09:20:40.170 W/libc    (17058): Access denied finding property "ro.serialno"
12-16 09:20:40.181 W/Settings(17058): Setting animator_duration_scale has moved from android.provider.Settings.System to android.provider.Settings.Global, returning read-only value.
12-16 09:20:40.227 W/cr_media(17058): BLUETOOTH_CONNECT permission is missing.
12-16 09:20:40.235 W/cr_media(17058): getBluetoothAdapter() requires BLUETOOTH permission
12-16 09:20:40.235 W/cr_media(17058): registerBluetoothIntentsIfNeeded: Requires BLUETOOTH permission
12-16 09:20:40.463 W/libc    (17058): Access denied finding property "qemu.hw.mainkeys"
12-16 09:20:40.464 W/libc    (17058): Access denied finding property "vendor.qemu.timezone"
12-16 09:20:40.464 W/libc    (17058): Access denied finding property "vendor.qemu.vport.bluetooth"
12-16 09:20:40.464 W/libc    (17058): Access denied finding property "vendor.qemu.sf.fake_camera"
12-16 09:20:40.465 W/libc    (17058): Access denied finding property "vendor.qemu.dev.bootcomplete"
12-16 09:20:40.465 W/libc    (17058): Access denied finding property "vendor.qemu.vport.modem"
12-16 09:20:40.465 W/libc    (17058): Access denied finding property "qemu.sf.lcd_density"
12-16 09:20:40.588 W/libc    (17058): Access--------- beginning of main
12-16 09:20:37.724 E/sic.audioplayer(17058): Not starting debugger since process cannot load the jdwp agent.
12-16 09:20:37.862 W/sic.audioplayer(17058): Failed to find entry 'classes.dex': Entry not found
12-16 09:20:37.933 W/sic.audioplayer(17058): ClassLoaderContext classpath size mismatch. expected=1, found=0 (DLC[];PCL[base.apk*2084529788]{PCL[/system/framework/org.apache.http.legacy.jar*2001478317]#PCL[/system/framework/com.android.media.remotedisplay.jar*487574312]#PCL[/system/framework/com.android.location.provider.jar*1570284764]#PCL[/system_ext/framework/androidx.window.extensions.jar*3210150721]#PCL[/system_ext/framework/androidx.window.sidecar.jar*3925677193]} | DLC[];PCL[])
12-16 09:20:37.945 E/ashmem  (17058): Pinning is deprecated since Android Q. Please use trim or other methods.
12-16 09:20:37.968 W/System  (17058): ClassLoader referenced unknown path: 
12-16 09:20:38.007 E/dioplayer:media(17104): Not starting debugger since process cannot load the jdwp agent.
12-16 09:20:38.069 W/dioplayer:media(17104): Failed to find entry 'classes.dex': Entry not found
12-16 09:20:38.086 W/sic.audioplayer(17058): ClassLoaderContext classpath element checksum mismatch. expected=2084529788, found=3753320564 (DLC[];PCL[base.apk*2084529788]{PCL[/system/framework/org.apache.http.legacy.jar*2001478317]#PCL[/system/framework/com.android.media.remotedisplay.jar*487574312]#PCL[/system/framework/com.android.location.provider.jar*1570284764]#PCL[/system_ext/framework/androidx.window.extensions.jar*3210150721]#PCL[/system_ext/framework/androidx.window.sidecar.jar*3925677193]} | DLC[];PCL[/data/app/~~hXbUeudN0VENSv-0_AtuVA==/musicplayer.playmusic.audioplayer-Uzh23avCe7WguqtjYX1lRA==/base.apk*3753320564]{PCL[/system_ext/framework/androidx.window.extensions.jar*3210150721]#PCL[/system_ext/framework/androidx.window.sidecar.jar*3925677193]})
12-16 09:20:38.138 W/QT      (17058): qt_process_init() called
12-16 09:20:38.138 E/QT      (17058): [QT]file does not exist
12-16 09:20:38.138 W/QT      (17058): Support!!
12-16 09:20:38.206 E/ashmem  (17104): Pinning is deprecated since Android Q. Please use trim or other methods.
12-16 09:20:38.211 W/dioplayer:media(17104): ClassLoaderContext classpath size mismatch. expected=1, found=0 (DLC[];PCL[base.apk*2084529788]{PCL[/system/framework/org.apache.http.legacy.jar*2001478317]#PCL[/system/framework/com.android.media.remotedisplay.jar*487574312]#PCL[/system/framework/com.android.location.provider.jar*1570284764]#PCL[/system_ext/framework/androidx.window.extensions.jar*3210150721]#PCL[/system_ext/framework/androidx.window.sidecar.jar*3925677193]} | DLC[];PCL[])
12-16 09:20:38.260 W/System  (17104): ClassLoader referenced unknown path: 
12-16 09:20:38.280 W/dioplayer:media(17104): ClassLoaderContext classpath element checksum mismatch. expected=2084529788, found=3753320564 (DLC[];PCL[base.apk*2084529788]{PCL[/system/framework/org.apache.http.legacy.jar*2001478317]#PCL[/system/framework/com.android.media.remotedisplay.jar*487574312]#PCL[/system/framework/com.android.location.provider.jar*1570284764]#PCL[/system_ext/framework/androidx.window.extensions.jar*3210150721]#PCL[/system_ext/framework/androidx.window.sidecar.jar*3925677193]} | DLC[];PCL[/data/app/~~hXbUeudN0VENSv-0_AtuVA==/musicplayer.playmusic.audioplayer-Uzh23avCe7WguqtjYX1lRA==/base.apk*3753320564]{PCL[/system_ext/framework/androidx.window.extensions.jar*3210150721]#PCL[/system_ext/framework/androidx.window.sidecar.jar*3925677193]})
12-16 09:20:38.457 E/dioplayer:media(17104): No package ID 6a found for resource ID 0x6a0b0013.
12-16 09:20:38.549 E/sic.audioplayer(17058): No package ID 6a found for resource ID 0x6a0b0013.
12-16 09:20:38.567 W/Settings(17058): Setting android_id has moved from android.provider.Settings.System to android.provider.Settings.Secure, returning read-only value.
12-16 09:20:38.581 W/MediaPlayer(17104): Use of stream types is deprecated for operations other than volume control
12-16 09:20:38.581 W/MediaPlayer(17104): See the documentation of setAudioStreamType() for what to use instead with android.media.AudioAttributes to qualify your playback use case
12-16 09:20:38.623 W/MediaPlayer(17104): Use of stream types is deprecated for operations other than volume control
12-16 09:20:38.623 W/MediaPlayer(17104): See the documentation of setAudioStreamType() for what to use instead with android.media.AudioAttributes to qualify your playback use case
12-16 09:20:38.810 W/sic.audioplayer(17058): Failed to find entry 'classes.dex': Entry not found
12-16 09:20:38.869 W/sic.audioplayer(17058): ClassLoaderContext type mismatch. expected=PCL, found=DLC (PCL[] | DLC[];PCL[/data/app/~~hXbUeudN0VENSv-0_AtuVA==/musicplayer.playmusic.audioplayer-Uzh23avCe7WguqtjYX1lRA==/base.apk*3753320564]{PCL[/system_ext/framework/androidx.window.extensions.jar*3210150721]#PCL[/system_ext/framework/androidx.window.sidecar.jar*3925677193]})
12-16 09:20:38.968 E/AudioSystem-JNI(17104): Command failed for android_media_AudioSystem_setParameters: -1
12-16 09:20:38.978 E/AudioSystem-JNI(17104): Command failed for android_media_AudioSystem_setParameters: -1
12-16 09:20:39.121 W/WindowOnBackDispatcher(17058): OnBackInvokedCallback is not enabled for the application.
12-16 09:20:39.121 W/WindowOnBackDispatcher(17058): Set 'android:enableOnBackInvokedCallback="true"' in the application manifest.
12-16 09:20:39.158 W/HWUI    (17058): Unknown dataspace 0
12-16 09:20:39.213 E/chromium(17058): [1216/092039.210709:ERROR:android_webview/browser/variations/variations_seed_loader.cc:39] Seed missing signature.
12-16 09:20:39.226 W/System.err(17058): java.net.MalformedURLException: no protocol: 
12-16 09:20:39.229 W/System.err(17058): 	at java.net.URL.<init>(URL.java:601)
12-16 09:20:39.229 W/System.err(17058): 	at java.net.URL.<init>(URL.java:498)
12-16 09:20:39.229 W/System.err(17058): 	at java.net.URL.<init>(URL.java:447)
12-16 09:20:39.229 W/System.err(17058): 	at Z8.d.b(ConfigUtils.java:18)
12-16 09:20:39.229 W/System.err(17058): 	at E.j.run(CustomTabsClient.java:59)
12-16 09:20:39.229 W/System.err(17058): 	at java.lang.Thread.run(Thread.java:1119)
12-16 09:20:39.602 W/chromium(17058): [WARNING:android_webview/browser/network_service/net_helpers.cc:143] HTTP Cache size is: 20971520
12-16 09:20:39.810 W/sic.audioplayer(17058): Suspending all threads took: 6.412ms
12-16 09:20:39.898 E/sic.audioplayer(17058): hiddenapi: Accessing hidden field Landroid/webkit/WebViewFactory;->sDataDirectorySuffix:Ljava/lang/String; (runtime_flags=0, domain=platform, api=max-target-o) from Lcom/bytedance/sdk/openadsdk/multipro/aAs; (domain=app) using reflection: denied
12-16 09:20:39.923 E/sic.audioplayer(17058): [perfctl] 17058 17058 FPSGO ver:0
12-16 09:20:39.924 E/sic.audioplayer(17058): [perfctl] 0 0 0 0
12-16 09:20:40.091 W/Settings(17058): Setting adb_enabled has moved from android.provider.Settings.Secure to android.provider.Settings.Global.
12-16 09:20:40.170 W/libc    (17058): Access denied finding property "ro.serialno"
12-16 09:20:40.181 W/Settings(17058): Setting animator_duration_scale has moved from android.provider.Settings.System to android.provider.Settings.Global, returning read-only value.
12-16 09:20:40.227 W/cr_media(17058): BLUETOOTH_CONNECT permission is missing.
12-16 09:20:40.235 W/cr_media(17058): getBluetoothAdapter() requires BLUETOOTH permission
12-16 09:20:40.235 W/cr_media(17058): registerBluetoothIntentsIfNeeded: Requires BLUETOOTH permission
12-16 09:20:40.463 W/libc    (17058): Access denied finding property "qemu.hw.mainkeys"
12-16 09:20:40.464 W/libc    (17058): Access denied finding property "vendor.qemu.timezone"
12-16 09:20:40.464 W/libc    (17058): Access denied finding property "vendor.qemu.vport.bluetooth"
12-16 09:20:40.464 W/libc    (17058): Access denied finding property "vendor.qemu.sf.fake_camera"
12-16 09:20:40.465 W/libc    (17058): Access denied finding property "vendor.qemu.dev.bootcomplete"
12-16 09:20:40.465 W/libc    (17058): Access denied finding property "vendor.qemu.vport.modem"
12-16 09:20:40.465 W/libc    (17058): Access denied finding property "qemu.sf.lcd_density"
12-16 09:20:40.588 W/libc    (17058): Access denied finding property "ro.serialno"
12-16 09:20:40.739 W/Settings(17058): Setting adb_enabled has moved from android.provider.Settings.Secure to android.provider.Settings.Global.
12-16 09:20:40.907 W/AudioCapabilities(17058): Unsupported mediaType audio/evrc
12-16 09:20:40.908 W/AudioCapabilities(17058): Unsupported mediaType audio/evrc
12-16 09:20:40.909 W/AudioCapabilities(17058): Unsupported mediaType audio/x-ima
12-16 09:20:40.910 W/AudioCapabilities(17058): Unsupported mediaType audio/mpeg-L1
12-16 09:20:40.911 W/AudioCapabilities(17058): Unsupported mediaType audio/mpeg-L2
12-16 09:20:40.914 W/AudioCapabilities(17058): Unsupported mediaType audio/qcelp
12-16 09:20:40.915 W/AudioCapabilities(17058): Unsupported mediaType audio/qcelp
12-16 09:20:40.920 W/VideoCapabilities(17058): Unsupported mime video/wvc1
12-16 09:20:40.925 W/VideoCapabilities(17058): Unsupported mime video/x-ms-wmv
12-16 09:20:40.950 W/InteractionJankMonitor(17058): Initializing without READ_DEVICE_CONFIG permission. enabled=false, interval=1, missedFrameThreshold=3, frameTimeThreshold=64, package=musicplayer.playmusic.audioplayer
12-16 09:20:40.957 W/VideoCapabilities(17058): Unsupported mime image/vnd.android.heic
12-16 09:20:40.959 W/VideoCapabilities(17058): Unsupported mime image/vnd.android.heic
12-16 09:20:40.964 W/VideoCapabilities(17058): Unrecognized profile/level 32768/256 for video/mp4v-es
12-16 09:20:40.973 W/VideoCapabilities(17058): Unrecognized profile/level 32768/256 for video/mp4v-es
12-16 09:20:41.015 W/AudioCapabilities(17058): Unsupported mime audio/evrc
12-16 09:20:41.021 W/AudioCapabilities(17058): Unsupported mime audio/evrc
12-16 09:20:41.021 W/AudioCapabilities(17058): Unsupported mime audio/x-ima
12-16 09:20:41.022 W/AudioCapabilities(17058): Unsupported mime audio/mpeg-L1
12-16 09:20:41.022 W/AudioCapabilities(17058): Unsupported mime audio/mpeg-L2
12-16 09:20:41.022 W/AudioCapabilities(17058): Unsupported mime audio/qcelp
12-16 09:20:41.022 W/AudioCapabilities(17058): Unsupported mime audio/qcelp
12-16 09:20:41.022 W/VideoCapabilities(17058): Unsupported mime video/wvc1
12-16 09:20:41.022 W/VideoCapabilities(17058): Unsupported mime video/wvc1
12-16 09:20:41.022 W/VideoCapabilities(17058): Unsupported mime video/x-ms-wmv
12-16 09:20:41.027 W/VideoCapabilities(17058): Unsupported mime image/vnd.android.heic
12-16 09:20:41.033 W/VideoCapabilities(17058): Unsupported mime image/vnd.android.heic
12-16 09:20:41.033 W/VideoCapabilities(17058): Unsupported mime image/vnd.android.heic
12-16 09:20:41.037 W/VideoCapabilities(17058): Unrecognized profile/level 32768/256 for video/mp4v-es
12-16 09:20:41.037 W/VideoCapabilities(17058): Unrecognized profile/level 32768/256 for video/mp4v-es
12-16 09:20:41.037 W/VideoCapabilities(17058): Unrecognized profile/level 32768/256 for video/mp4v-es
12-16 09:20:41.068 E/sic.audioplayer(17058): No package ID 6a found for resource ID 0x6a0b0013.
12-16 09:20:41.086 W/Settings(17058): Setting adb_enabled has moved from android.provider.Settings.Secure to android.provider.Settings.Global.
12-16 09:20:41.110 W/ServiceBindIntentUtils(17058): Dynamic lookup for intent failed for action: com.google.android.gms.ads.service.CACHE
12-16 09:20:41.160 W/sic.audioplayer(17058): Suspending all threads took: 5.235ms
12-16 09:20:41.328 W/Ads     (17058): Not retrying to fetch app settings
12-16 09:20:41.337 W/ServiceBindIntentUtils(17058): Dynamic lookup for intent failed for action: com.google.android.gms.ads.service.START
12-16 09:20:46.601 W/libc    (17058): Access denied finding property "qemu.hw.mainkeys"
12-16 09:20:46.602 W/libc    (17058): Access denied finding property "vendor.qemu.timezone"
12-16 09:20:46.602 W/libc    (17058): Access denied finding property "vendor.qemu.vport.bluetooth"
12-16 09:20:46.602 W/libc    (17058): Access denied finding property "vendor.qemu.sf.fake_camera"
12-16 09:20:46.602 W/libc    (17058): Access denied finding property "vendor.qemu.dev.bootcomplete"
12-16 09:20:46.603 W/libc    (17058): Access denied finding property "vendor.qemu.vport.modem"
12-16 09:20:46.603 W/libc    (17058): Access denied finding property "qemu.sf.lcd_density"
--------- beginning of system
12-16 09:20:50.104 W/PowerProfile(17058): ambient.on is deprecated! Use ambient.on.display0 instead.
12-16 09:20:50.104 W/PowerProfile(17058): screen.on is deprecated! Use screen.on.display0 instead.
12-16 09:20:50.104 W/PowerProfile(17058): screen.full is deprecated! Use screen.full.display0 instead.
12-16 09:20:50.106 W/ModemPowerProfile(17058): getAverageBatteryDrainMaH called with unexpected key: 0x0, drain:SLEEP,RAT:DEFAULT
12-16 09:20:50.106 W/ModemPowerProfile(17058): getAverageBatteryDrainMaH called with unexpected key: 0x10000000, drain:IDLE,RAT:DEFAULT
12-16 09:20:50.106 W/ModemPowerProfile(17058): getAverageBatteryDrainMaH called with unexpected key: 0x20000000, drain:RX,RAT:DEFAULT
12-16 09:20:50.106 W/ModemPowerProfile(17058): getAverageBatteryDrainMaH called with unexpected key: 0x30000000, drain:TX,level:0,RAT:DEFAULT
12-16 09:20:50.106 W/ModemPowerProfile(17058): getAverageBatteryDrainMaH called with unexpected key: 0x31000000, drain:TX,level:1,RAT:DEFAULT
12-16 09:20:50.106 W/ModemPowerProfile(17058): getAverageBatteryDrainMaH called with unexpected key: 0x32000000, drain:TX,level:2,RAT:DEFAULT
12-16 09:20:50.107 W/ModemPowerProfile(17058): getAverageBatteryDrainMaH called with unexpected key: 0x33000000, drain:TX,level:3,RAT:DEFAULT
12-16 09:20:50.107 W/ModemPowerProfile(17058): getAverageBatteryDrainMaH called with unexpected key: 0x34000000, drain:TX,level:4,RAT:DEFAULT
12-16 09:20:50.574 W/libc    (17058): Access denied finding property "init.svc.vendor.health-cuttlefish"
12-16 09:20:50.575 W/libc    (17058): Access denied finding property "ro.boottime.vendor.health-cuttlefish"
12-16 09:20:50.577 W/libc    (17058): Access denied finding property "ro.oem_unlock_supported"
12-16 09:20:55.581 E/FilePhenotypeFlags(17058): Config package com.google.android.gms.clearcut_client#musicplayer.playmusic.audioplayer cannot use FILE backing without declarative registration. See go/phenotype-android-integration#phenotype for more information. This will lead to stale flags.
12-16 09:21:00.667 W/WindowOnBackDispatcher(17058): sendCancelIfRunning: isInProgress=false callback=android.view.ViewRootImpl$$ExternalSyntheticLambda16@374c2f7
12-16 09:21:13.067 E/dioplayer:media(18870): Not starting debugger since process cannot load the jdwp agent.
12-16 09:21:13.187 W/dioplayer:media(18870): Failed to find entry 'classes.dex': Entry not found
12-16 09:21:13.441 E/ashmem  (18870): Pinning is deprecated since Android Q. Please use trim or other methods.
12-16 09:21:13.531 W/dioplayer:media(18870): ClassLoaderContext classpath size mismatch. expected=1, found=0 (DLC[];PCL[base.apk*2084529788]{PCL[/system/framework/org.apache.http.legacy.jar*2001478317]#PCL[/system/framework/com.android.media.remotedisplay.jar*487574312]#PCL[/system/framework/com.android.location.provider.jar*1570284764]#PCL[/system_ext/framework/androidx.window.extensions.jar*3210150721]#PCL[/system_ext/framework/androidx.window.sidecar.jar*3925677193]} | DLC[];PCL[])
12-16 09:21:13.619 W/System  (18870): ClassLoader referenced unknown path: 
12-16 09:21:13.662 W/dioplayer:media(18870): ClassLoaderContext classpath element checksum mismatch. expected=2084529788, found=3753320564 (DLC[];PCL[base.apk*2084529788]{PCL[/system/framework/org.apache.http.legacy.jar*2001478317]#PCL[/system/framework/com.android.media.remotedisplay.jar*487574312]#PCL[/system/framework/com.android.location.provider.jar*1570284764]#PCL[/system_ext/framework/androidx.window.extensions.jar*3210150721]#PCL[/system_ext/framework/androidx.window.sidecar.jar*3925677193]} | DLC[];PCL[/data/app/~~hXbUeudN0VENSv-0_AtuVA==/musicplayer.playmusic.audioplayer-Uzh23avCe7WguqtjYX1lRA==/base.apk*3753320564]{PCL[/system_ext/framework/androidx.window.extensions.jar*3210150721]#PCL[/system_ext/framework/androidx.window.sidecar.jar*3925677193]})
12-16 09:21:13.911 E/dioplayer:media(18870): No package ID 6a found for resource ID 0x6a0b0013.
12-16 09:21:14.097 W/MediaPlayer(18870): Use of stream types is depre--------- beginning of main
12-16 09:20:37.724 E/sic.audioplayer(17058): Not starting debugger since process cannot load the jdwp agent.
12-16 09:20:37.862 W/sic.audioplayer(17058): Failed to find entry 'classes.dex': Entry not found
12-16 09:20:37.933 W/sic.audioplayer(17058): ClassLoaderContext classpath size mismatch. expected=1, found=0 (DLC[];PCL[base.apk*2084529788]{PCL[/system/framework/org.apache.http.legacy.jar*2001478317]#PCL[/system/framework/com.android.media.remotedisplay.jar*487574312]#PCL[/system/framework/com.android.location.provider.jar*1570284764]#PCL[/system_ext/framework/androidx.window.extensions.jar*3210150721]#PCL[/system_ext/framework/androidx.window.sidecar.jar*3925677193]} | DLC[];PCL[])
12-16 09:20:37.945 E/ashmem  (17058): Pinning is deprecated since Android Q. Please use trim or other methods.
12-16 09:20:37.968 W/System  (17058): ClassLoader referenced unknown path: 
12-16 09:20:38.007 E/dioplayer:media(17104): Not starting debugger since process cannot load the jdwp agent.
12-16 09:20:38.069 W/dioplayer:media(17104): Failed to find entry 'classes.dex': Entry not found
12-16 09:20:38.086 W/sic.audioplayer(17058): ClassLoaderContext classpath element checksum mismatch. expected=2084529788, found=3753320564 (DLC[];PCL[base.apk*2084529788]{PCL[/system/framework/org.apache.http.legacy.jar*2001478317]#PCL[/system/framework/com.android.media.remotedisplay.jar*487574312]#PCL[/system/framework/com.android.location.provider.jar*1570284764]#PCL[/system_ext/framework/androidx.window.extensions.jar*3210150721]#PCL[/system_ext/framework/androidx.window.sidecar.jar*3925677193]} | DLC[];PCL[/data/app/~~hXbUeudN0VENSv-0_AtuVA==/musicplayer.playmusic.audioplayer-Uzh23avCe7WguqtjYX1lRA==/base.apk*3753320564]{PCL[/system_ext/framework/androidx.window.extensions.jar*3210150721]#PCL[/system_ext/framework/androidx.window.sidecar.jar*3925677193]})
12-16 09:20:38.138 W/QT      (17058): qt_process_init() called
12-16 09:20:38.138 E/QT      (17058): [QT]file does not exist
12-16 09:20:38.138 W/QT      (17058): Support!!
12-16 09:20:38.206 E/ashmem  (17104): Pinning is deprecated since Android Q. Please use trim or other methods.
12-16 09:20:38.211 W/dioplayer:media(17104): ClassLoaderContext classpath size mismatch. expected=1, found=0 (DLC[];PCL[base.apk*2084529788]{PCL[/system/framework/org.apache.http.legacy.jar*2001478317]#PCL[/system/framework/com.android.media.remotedisplay.jar*487574312]#PCL[/system/framework/com.android.location.provider.jar*1570284764]#PCL[/system_ext/framework/androidx.window.extensions.jar*3210150721]#PCL[/system_ext/framework/androidx.window.sidecar.jar*3925677193]} | DLC[];PCL[])
12-16 09:20:38.260 W/System  (17104): ClassLoader referenced unknown path: 
12-16 09:20:38.280 W/dioplayer:media(17104): ClassLoaderContext classpath element checksum mismatch. expected=2084529788, found=3753320564 (DLC[];PCL[base.apk*2084529788]{PCL[/system/framework/org.apache.http.legacy.jar*2001478317]#PCL[/system/framework/com.android.media.remotedisplay.jar*487574312]#PCL[/system/framework/com.android.location.provider.jar*1570284764]#PCL[/system_ext/framework/androidx.window.extensions.jar*3210150721]#PCL[/system_ext/framework/androidx.window.sidecar.jar*3925677193]} | DLC[];PCL[/data/app/~~hXbUeudN0VENSv-0_AtuVA==/musicplayer.playmusic.audioplayer-Uzh23avCe7WguqtjYX1lRA==/base.apk*3753320564]{PCL[/system_ext/framework/androidx.window.extensions.jar*3210150721]#PCL[/system_ext/framework/androidx.window.sidecar.jar*3925677193]})
12-16 09:20:38.457 E/dioplayer:media(17104): No package ID 6a found for resource ID 0x6a0b0013.
12-16 09:20:38.549 E/sic.audioplayer(17058): No package ID 6a found for resource ID 0x6a0b0013.
12-16 09:20:38.567 W/Settings(17058): Setting android_id has moved from android.provider.Settings.System to android.provider.Settings.Secure, returning read-only value.
12-16 09:20:38.581 W/MediaPlayer(17104): Use of stream types is deprecated for operations other than volume control
12-16 09:20:38.581 W/MediaPlayer(17104): See the documentation of setAudioStreamType() for what to use instead with android.media.AudioAttributes to qualify your playback use case
12-16 09:20:38.623 W/MediaPlayer(17104): Use of stream types is deprecated for operations other than volume control
12-16 09:20:38.623 W/MediaPlayer(17104): See the documentation of setAudioStreamType() for what to use instead with android.media.AudioAttributes to qualify your playback use case
12-16 09:20:38.810 W/sic.audioplayer(17058): Failed to find entry 'classes.dex': Entry not found
12-16 09:20:38.869 W/sic.audioplayer(17058): ClassLoaderContext type mismatch. expected=PCL, found=DLC (PCL[] | DLC[];PCL[/data/app/~~hXbUeudN0VENSv-0_AtuVA==/musicplayer.playmusic.audioplayer-Uzh23avCe7WguqtjYX1lRA==/base.apk*3753320564]{PCL[/system_ext/framework/androidx.window.extensions.jar*3210150721]#PCL[/system_ext/framework/androidx.window.sidecar.jar*3925677193]})
12-16 09:20:38.968 E/AudioSystem-JNI(17104): Command failed for android_media_AudioSystem_setParameters: -1
12-16 09:20:38.978 E/AudioSystem-JNI(17104): Command failed for android_media_AudioSystem_setParameters: -1
12-16 09:20:39.121 W/WindowOnBackDispatcher(17058): OnBackInvokedCallback is not enabled for the application.
12-16 09:20:39.121 W/WindowOnBackDispatcher(17058): Set 'android:enableOnBackInvokedCallback="true"' in the application manifest.
12-16 09:20:39.158 W/HWUI    (17058): Unknown dataspace 0
12-16 09:20:39.213 E/chromium(17058): [1216/092039.210709:ERROR:android_webview/browser/variations/variations_seed_loader.cc:39] Seed missing signature.
12-16 09:20:39.226 W/System.err(17058): java.net.MalformedURLException: no protocol: 
12-16 09:20:39.229 W/System.err(17058): 	at java.net.URL.<init>(URL.java:601)
12-16 09:20:39.229 W/System.err(17058): 	at java.net.URL.<init>(URL.java:498)
12-16 09:20:39.229 W/System.err(17058): 	at java.net.URL.<init>(URL.java:447)
12-16 09:20:39.229 W/System.err(17058): 	at Z8.d.b(ConfigUtils.java:18)
12-16 09:20:39.229 W/System.err(17058): 	at E.j.run(CustomTabsClient.java:59)
12-16 09:20:39.229 W/System.err(17058): 	at java.lang.Thread.run(Thread.java:1119)
12-16 09:20:39.602 W/chromium(17058): [WARNING:android_webview/browser/network_service/net_helpers.cc:143] HTTP Cache size is: 20971520
12-16 09:20:39.810 W/sic.audioplayer(17058): Suspending all threads took: 6.412ms
12-16 09:20:39.898 E/sic.audioplayer(17058): hiddenapi: Accessing hidden field Landroid/webkit/WebViewFactory;->sDataDirectorySuffix:Ljava/lang/String; (runtime_flags=0, domain=platform, api=max-target-o) from Lcom/bytedance/sdk/openadsdk/multipro/aAs; (domain=app) using reflection: denied
12-16 09:20:39.923 E/sic.audioplayer(17058): [perfctl] 17058 17058 FPSGO ver:0
12-16 09:20:39.924 E/sic.audioplayer(17058): [perfctl] 0 0 0 0
12-16 09:20:40.091 W/Settings(17058): Setting adb_enabled has moved from android.provider.Settings.Secure to android.provider.Settings.Global.
12-16 09:20:40.170 W/libc    (17058): Access denied finding property "ro.serialno"
12-16 09:20:40.181 W/Settings(17058): Setting animator_duration_scale has moved from android.provider.Settings.System to android.provider.Settings.Global, returning read-only value.
12-16 09:20:40.227 W/cr_media(17058): BLUETOOTH_CONNECT permission is missing.
12-16 09:20:40.235 W/cr_media(17058): getBluetoothAdapter() requires BLUETOOTH permission
12-16 09:20:40.235 W/cr_media(17058): registerBluetoothIntentsIfNeeded: Requires BLUETOOTH permission
12-16 09:20:40.463 W/libc    (17058): Access denied finding property "qemu.hw.mainkeys"
12-16 09:20:40.464 W/libc    (17058): Access denied finding property "vendor.qemu.timezone"
12-16 09:20:40.464 W/libc    (17058): Access denied finding property "vendor.qemu.vport.bluetooth"
12-16 09:20:40.464 W/libc    (17058): Access denied finding property "vendor.qemu.sf.fake_camera"
12-16 09:20:40.465 W/libc    (17058): Access denied finding property "vendor.qemu.dev.bootcomplete"
12-16 09:20:40.465 W/libc    (17058): Access denied finding property "vendor.qemu.vport.modem"
12-16 09:20:40.465 W/libc    (17058): Access denied finding property "qemu.sf.lcd_density"
12-16 09:20:40.588 W/libc    (17058): Access denied finding property "ro.serialno"
12-16 09:20:40.739 W/Settings(17058): Setting adb_enabled has moved from android.provider.Settings.Secure to android.provider.Settings.Global.
12-16 09:20:40.907 W/AudioCapabilities(17058): Unsupported mediaType audio/evrc
12-16 09:20:40.908 W/AudioCapabilities(17058): Unsupported mediaType audio/evrc
12-16 09:20:40.909 W/AudioCapabilities(17058): Unsupported mediaType audio/x-ima
12-16 09:20:40.910 W/AudioCapabilities(17058): Unsupported mediaType audio/mpeg-L1
12-16 09:20:40.911 W/AudioCapabilities(17058): Unsupported mediaType audio/mpeg-L2
12-16 09:20:40.914 W/AudioCapabilities(17058): Unsupported mediaType audio/qcelp
12-16 09:20:40.915 W/AudioCapabilities(17058): Unsupported mediaType audio/qcelp
12-16 09:20:40.920 W/VideoCapabilities(17058): Unsupported mime video/wvc1
12-16 09:20:40.925 W/VideoCapabilities(17058): Unsupported mime video/x-ms-wmv
12-16 09:20:40.950 W/InteractionJankMonitor(17058): Initializing without READ_DEVICE_CONFIG permission. enabled=false, interval=1, missedFrameThreshold=3, frameTimeThreshold=64, package=musicplayer.playmusic.audioplayer
12-16 09:20:40.957 W/VideoCapabilities(17058): Unsupported mime image/vnd.android.heic
12-16 09:20:40.959 W/VideoCapabilities(17058): Unsupported mime image/vnd.android.heic
12-16 09:20:40.964 W/VideoCapabilities(17058): Unrecognized profile/level 32768/256 for video/mp4v-es
12-16 09:20:40.973 W/VideoCapabilities(17058): Unrecognized profile/level 32768/256 for video/mp4v-es
12-16 09:20:41.015 W/AudioCapabilities(17058): Unsupported mime audio/evrc
12-16 09:20:41.021 W/AudioCapabilities(17058): Unsupported mime audio/evrc
12-16 09:20:41.021 W/AudioCapabilities(17058): Unsupported mime audio/x-ima
12-16 09:20:41.022 W/AudioCapabilities(17058): Unsupported mime audio/mpeg-L1
12-16 09:20:41.022 W/AudioCapabilities(17058): Unsupported mime audio/mpeg-L2
12-16 09:20:41.022 W/AudioCapabilities(17058): Unsupported mime audio/qcelp
12-16 09:20:41.022 W/AudioCapabilities(17058): Unsupported mime audio/qcelp
12-16 09:20:41.022 W/VideoCapabilities(17058): Unsupported mime video/wvc1
12-16 09:20:41.022 W/VideoCapabilities(17058): Unsupported mime video/wvc1
12-16 09:20:41.022 W/VideoCapabilities(17058): Unsupported mime video/x-ms-wmv
12-16 09:20:41.027 W/VideoCapabilities(17058): Unsupported mime image/vnd.android.heic
12-16 09:20:41.033 W/VideoCapabilities(17058): Unsupported mime image/vnd.android.heic
12-16 09:20:41.033 W/VideoCapabilities(17058): Unsupported mime image/vnd.android.heic
12-16 09:20:41.037 W/VideoCapabilities(17058): Unrecognized profile/level 32768/256 for video/mp4v-es
12-16 09:20:41.037 W/VideoCapabilities(17058): Unrecognized profile/level 32768/256 for video/mp4v-es
12-16 09:20:41.037 W/VideoCapabilities(17058): Unrecognized profile/level 32768/256 for video/mp4v-es
12-16 09:20:41.068 E/sic.audioplayer(17058): No package ID 6a found for resource ID 0x6a0b0013.
12-16 09:20:41.086 W/Settings(17058): Setting adb_enabled has moved from android.provider.Settings.Secure to android.provider.Settings.Global.
12-16 09:20:41.110 W/ServiceBindIntentUtils(17058): Dynamic lookup for intent failed for action: com.google.android.gms.ads.service.CACHE
12-16 09:20:41.160 W/sic.audioplayer(17058): Suspending all threads took: 5.235ms
12-16 09:20:41.328 W/Ads     (17058): Not retrying to fetch app settings
12-16 09:20:41.337 W/ServiceBindIntentUtils(17058): Dynamic lookup for intent failed for action: com.google.android.gms.ads.service.START
12-16 09:20:46.601 W/libc    (17058): Access denied finding property "qemu.hw.mainkeys"
12-16 09:20:46.602 W/libc    (17058): Access denied finding property "vendor.qemu.timezone"
12-16 09:20:46.602 W/libc    (17058): Access denied finding property "vendor.qemu.vport.bluetooth"
12-16 09:20:46.602 W/libc    (17058): Access denied finding property "vendor.qemu.sf.fake_camera"
12-16 09:20:46.602 W/libc    (17058): Access denied finding property "vendor.qemu.dev.bootcomplete"
12-16 09:20:46.603 W/libc    (17058): Access denied finding property "vendor.qemu.vport.modem"
12-16 09:20:46.603 W/libc    (17058): Access denied finding property "qemu.sf.lcd_density"
--------- beginning of system
12-16 09:20:50.104 W/PowerProfile(17058): ambient.on is deprecated! Use ambient.on.display0 instead.
12-16 09:20:50.104 W/PowerProfile(17058): screen.on is deprecated! Use screen.on.display0 instead.
12-16 09:20:50.104 W/PowerProfile(17058): screen.full is deprecated! Use screen.full.display0 instead.
12-16 09:20:50.106 W/ModemPowerProfile(17058): getAverageBatteryDrainMaH called with unexpected key: 0x0, drain:SLEEP,RAT:DEFAULT
12-16 09:20:50.106 W/ModemPowerProfile(17058): getAverageBatteryDrainMaH called with unexpected key: 0x10000000, drain:IDLE,RAT:DEFAULT
12-16 09:20:50.106 W/ModemPowerProfile(17058): getAverageBatteryDrainMaH called with unexpected key: 0x20000000, drain:RX,RAT:DEFAULT
12-16 09:20:50.106 W/ModemPowerProfile(17058): getAverageBatteryDrainMaH called with unexpected key: 0x30000000, drain:TX,level:0,RAT:DEFAULT
12-16 09:20:50.106 W/ModemPowerProfile(17058): getAverageBatteryDrainMaH called with unexpected key: 0x31000000, drain:TX,level:1,RAT:DEFAULT
12-16 09:20:50.106 W/ModemPowerProfile(17058): getAverageBatteryDrainMaH called with unexpected key: 0x32000000, drain:TX,level:2,RAT:DEFAULT
12-16 09:20:50.107 W/ModemPowerProfile(17058): getAverageBatteryDrainMaH called with unexpected key: 0x33000000, drain:TX,level:3,RAT:DEFAULT
12-16 09:20:50.107 W/ModemPowerProfile(17058): getAverageBatteryDrainMaH called with unexpected key: 0x34000000, drain:TX,level:4,RAT:DEFAULT
12-16 09:20:50.574 W/libc    (17058): Access denied finding property "init.svc.vendor.health-cuttlefish"
12-16 09:20:50.575 W/libc    (17058): Access denied finding property "ro.boottime.vendor.health-cuttlefish"
12-16 09:20:50.577 W/libc    (17058): Access denied finding property "ro.oem_unlock_supported"
12-16 09:20:55.581 E/FilePhenotypeFlags(17058): Config package com.google.android.gms.clearcut_client#musicplayer.playmusic.audioplayer cannot use FILE backing without declarative registration. See go/phenotype-android-integration#phenotype for more information. This will lead to stale flags.
12-16 09:21:00.667 W/WindowOnBackDispatcher(17058): sendCancelIfRunning: isInProgress=false callback=android.view.ViewRootImpl$$ExternalSyntheticLambda16@374c2f7
12-16 09:21:13.067 E/dioplayer:media(18870): Not starting debugger since process cannot load the jdwp agent.
12-16 09:21:13.187 W/dioplayer:media(18870): Failed to find entry 'classes.dex': Entry not found
12-16 09:21:13.441 E/ashmem  (18870): Pinning is deprecated since Android Q. Please use trim or other methods.
12-16 09:21:13.531 W/dioplayer:media(18870): ClassLoaderContext classpath size mismatch. expected=1, found=0 (DLC[];PCL[base.apk*2084529788]{PCL[/system/framework/org.apache.http.legacy.jar*2001478317]#PCL[/system/framework/com.android.media.remotedisplay.jar*487574312]#PCL[/system/framework/com.android.location.provider.jar*1570284764]#PCL[/system_ext/framework/androidx.window.extensions.jar*3210150721]#PCL[/system_ext/framework/androidx.window.sidecar.jar*3925677193]} | DLC[];PCL[])
12-16 09:21:13.619 W/System  (18870): ClassLoader referenced unknown path: 
12-16 09:21:13.662 W/dioplayer:media(18870): ClassLoaderContext classpath element checksum mismatch. expected=2084529788, found=3753320564 (DLC[];PCL[base.apk*2084529788]{PCL[/system/framework/org.apache.http.legacy.jar*2001478317]#PCL[/system/framework/com.android.media.remotedisplay.jar*487574312]#PCL[/system/framework/com.android.location.provider.jar*1570284764]#PCL[/system_ext/framework/androidx.window.extensions.jar*3210150721]#PCL[/system_ext/framework/androidx.window.sidecar.jar*3925677193]} | DLC[];PCL[/data/app/~~hXbUeudN0VENSv-0_AtuVA==/musicplayer.playmusic.audioplayer-Uzh23avCe7WguqtjYX1lRA==/base.apk*3753320564]{PCL[/system_ext/framework/androidx.window.extensions.jar*3210150721]#PCL[/system_ext/framework/androidx.window.sidecar.jar*3925677193]})
12-16 09:21:13.911 E/dioplayer:media(18870): No package ID 6a found for resource ID 0x6a0b0013.
12-16 09:21:14.097 W/MediaPlayer(18870): Use of stream types is depre--------- beginning of main
12-16 09:20:37.724 E/sic.audioplayer(17058): Not starting debugger since process cannot load the jdwp agent.
12-16 09:20:37.862 W/sic.audioplayer(17058): Failed to find entry 'classes.dex': Entry not found
12-16 09:20:37.933 W/sic.audioplayer(17058): ClassLoaderContext classpath size mismatch. expected=1, found=0 (DLC[];PCL[base.apk*2084529788]{PCL[/system/framework/org.apache.http.legacy.jar*2001478317]#PCL[/system/framework/com.android.media.remotedisplay.jar*487574312]#PCL[/system/framework/com.android.location.provider.jar*1570284764]#PCL[/system_ext/framework/androidx.window.extensions.jar*3210150721]#PCL[/system_ext/framework/androidx.window.sidecar.jar*3925677193]} | DLC[];PCL[])
12-16 09:20:37.945 E/ashmem  (17058): Pinning is deprecated since Android Q. Please use trim or other methods.
