12-16 09:36:59.516 W/dioplayer:media( 3909): ClassLoaderContext classpath element checksum mismatch. expected=2084529788, found=3753320564 (DLC[];PCL[base.apk*2084529788]{PCL[/system/framework/org.apache.http.legacy.jar*2001478317]#PCL[/system/framework/com.android.media.remotedisplay.jar*487574312]#PCL[/system/framework/com.android.location.provider.jar*1570284764]#PCL[/system_ext/framework/androidx.window.extensions.jar*3210150721]#PCL[/system_ext/framework/androidx.window.sidecar.jar*3925677193]} | DLC[];PCL[/data/app/~~hXbUeudN0VENSv-0_AtuVA==/musicplayer.playmusic.audioplayer-Uzh23avCe7WguqtjYX1lRA==/base.apk*3753320564]{PCL[/system_ext/framework/androidx.window.extensions.jar*3210150721]#PCL[/system_ext/framework/androidx.window.sidecar.jar*3925677193]})
12-16 09:36:59.818 W/MediaPlayer( 3909): Use of stream types is deprecated for operations other than volume control
12-16 09:36:59.818 W/MediaPlayer( 3909): See the documentation of setAudioStreamType() for what to use instead with android.media.AudioAttributes to qualify your playback use case
12-16 09:36:59.824 E/dioplayer:media( 3909): No package ID 6a found for resource ID 0x6a0b0013.
12-16 09:36:59.833 W/MediaPlayer( 3909): Use of stream types is deprecated for operations other than volume control
12-16 09:36:59.833 W/MediaPlayer( 3909): See the documentation of setAudioStreamType() for what to use instead with android.media.AudioAttributes to qualify your playback use case
12-16 09:37:00.015 E/AudioSystem-JNI( 3909): Command failed for android_media_AudioSystem_setParameters: -1
12-16 09:37:00.043 E/AudioSystem-JNI( 3909): Command failed for android_media_AudioSystem_setParameters: -1
12-16 09:37:01.180 E/SQLiteLog( 3909): (10) POSIX Error : 11 SQLite Error : 3850
12-16 09:37:01.180 E/SQLiteLog( 3909): (10) LOCK : Getting pending lock for (1) failed due to (11). The current owner is (3615).
12-16 09:37:04.198 E/dioplayer:media( 4328): Not starting debugger since process cannot load the jdwp agent.
12-16 09:37:04.243 W/dioplayer:media( 4328): Failed to find entry 'classes.dex': Entry not found
12-16 09:37:04.306 E/ashmem  ( 4328): Pinning is deprecated since Android Q. Please use trim or other methods.
12-16 09:37:04.325 W/dioplayer:media( 4328): ClassLoaderContext classpath size mismatch. expected=1, found=0 (DLC[];PCL[base.apk*2084529788]{PCL[/system/framework/org.apache.http.legacy.jar*2001478317]#PCL[/system/framework/com.android.media.remotedisplay.jar*487574312]#PCL[/system/framework/com.android.location.provider.jar*1570284764]#PCL[/system_ext/framework/androidx.window.extensions.jar*3210150721]#PCL[/system_ext/framework/androidx.window.sidecar.jar*3925677193]} | DLC[];PCL[])
12-16 09:37:04.343 W/System  ( 4328): ClassLoader referenced unknown path: 
12-16 09:37:04.366 W/dioplayer:media( 4328): ClassLoaderContext classpath element checksum mismatch. expected=2084529788, found=3753320564 (DLC[];PCL[base.apk*2084529788]{PCL[/system/framework/org.apache.http.legacy.jar*2001478317]#PCL[/system/framework/com.android.media.remotedisplay.jar*487574312]#PCL[/system/framework/com.android.location.provider.jar*1570284764]#PCL[/system_ext/framework/androidx.window.extensions.jar*3210150721]#PCL[/system_ext/framework/androidx.window.sidecar.jar*3925677193]} | DLC[];PCL[/data/app/~~hXbUeudN0VENSv-0_AtuVA==/musicplayer.playmusic.audioplayer-Uzh23avCe7WguqtjYX1lRA==/base.apk*3753320564]{PCL[/system_ext/framework/androidx.window.extensions.jar*3210150721]#PCL[/system_ext/framework/androidx.window.sidecar.jar*3925677193]})
12-16 09:37:04.449 E/dioplayer:media( 4328): No package ID 6a found for resource ID 0x6a0b0013.
12-16 09:37:04.489 W/MediaPlayer( 4328): Use of stream types is deprecated for operations other than volume control
12-16 09:37:04.489 W/MediaPlayer( 4328): See the documentation of setAudioStreamType() for what to use instead with android.media.AudioAttributes to qualify your playback use case
12-16 09:37:04.501 W/MediaPlayer( 4328): Use of stream types is deprecated for operations other than volume control
12-16 09:37:04.501 W/MediaPlayer( 4328): See the documentation of setAudioStreamType() for what to use instead with android.media.AudioAttributes to qualify your playback use case
12-16 09:37:04.565 E/sic.audioplayer( 4449): Not starting debugger since process cannot load the jdwp agent.
12-16 09:37:04.619 W/sic.audioplayer( 4449): Failed to find entry 'classes.dex': Entry not found
12-16 09:37:04.746 W/sic.audioplayer( 4449): ClassLoaderContext classpath size mismatch. expected=1, found=0 (DLC[];PCL[base.apk*2084529788]{PCL[/system/framework/org.apache.http.legacy.jar--------- beginning of main
12-16 09:20:37.724 E/sic.audioplayer(17058): Not starting debugger since process cannot load the jdwp agent.
12-16 09:20:37.862 W/sic.audioplayer(17058): Failed to find entry 'classes.dex': Entry not found
12-16 09:20:37.933 W/sic.audioplayer(17058): ClassLoaderContext classpath size mismatch. expected=1, found=0 (DLC[];PCL[base.apk*2084529788]{PCL[/system/framework/org.apache.http.legacy.jar*2001478317]#PCL[/system/framework/com.android.media.remotedisplay.jar*487574312]#PCL[/system/framework/com.android.location.provider.jar*1570284764]#PCL[/system_ext/framework/androidx.window.extensions.jar*3210150721]#PCL[/system_ext/framework/androidx.window.sidecar.jar*3925677193]} | DLC[];PCL[])
12-16 09:20:37.945 E/ashmem  (17058): Pinning is deprecated since Android Q. Please use trim or other methods.
12-16 09:20:37.968 W/System  (17058): ClassLoader referenced unknown path: 
12-16 09:20:38.007 E/dioplayer:media(17104): Not starting debugger since process cannot load the jdwp agent.
12-16 09:20:38.069 W/dioplayer:media(17104): Failed to find entry 'classes.dex': Entry not found
12-16 09:20:38.086 W/sic.audioplayer(17058): ClassLoaderContext classpath element checksum mismatch. expected=2084529788, found=3753320564 (DLC[];PCL[base.apk*2084529788]{PCL[/system/framework/org.apache.http.legacy.jar*2001478317]#PCL[/system/framework/com.android.media.remotedisplay.jar*487574312]#PCL[/system/framework/com.android.location.provider.jar*1570284764]#PCL[/system_ext/framework/androidx.window.extensions.jar*3210150721]#PCL[/system_ext/framework/androidx.window.sidecar.jar*3925677193]} | DLC[];PCL[/data/app/~~hXbUeudN0VENSv-0_AtuVA==/musicplayer.playmusic.audioplayer-Uzh23avCe7WguqtjYX1lRA==/base.apk*3753320564]{PCL[/system_ext/framework/androidx.window.extensions.jar*3210150721]#PCL[/system_ext/framework/androidx.window.sidecar.jar*3925677193]})
12-16 09:20:38.138 W/QT      (17058): qt_process_init() called
12-16 09:20:38.138 E/QT      (17058): [QT]file does not exist
12-16 09:20:38.138 W/QT      (17058): Support!!
12-16 09:20:38.206 E/ashmem  (17104): Pinning is deprecated since Android Q. Please use trim or other methods.
12-16 09:20:38.211 W/dioplayer:media(17104): ClassLoaderContext classpath size mismatch. expected=1, found=0 (DLC[];PCL[base.apk*2084529788]{PCL[/system/framework/org.apache.http.legacy.jar*2001478317]#PCL[/system/framework/com.android.media.remotedisplay.jar*487574312]#PCL[/system/framework/com.android.location.provider.jar*1570284764]#PCL[/system_ext/framework/androidx.window.extensions.jar*3210150721]#PCL[/system_ext/framework/androidx.window.sidecar.jar*3925677193]} | DLC[];PCL[])
12-16 09:20:38.260 W/System  (17104): ClassLoader referenced unknown path: 
12-16 09:20:38.280 W/dioplayer:media(17104): ClassLoaderContext classpath element checksum mismatch. expected=2084529788, found=3753320564 (DLC[];PCL[base.apk*2084529788]{PCL[/system/framework/org.apache.http.legacy.jar*2001478317]#PCL[/system/framework/com.android.media.remotedisplay.jar*487574312]#PCL[/system/framework/com.android.location.provider.jar*1570284764]#PCL[/system_ext/framework/androidx.window.extensions.jar*3210150721]#PCL[/system_ext/framework/androidx.window.sidecar.jar*3925677193]} | DLC[];PCL[/data/app/~~hXbUeudN0VENSv-0_AtuVA==/musicplayer.playmusic.audioplayer-Uzh23avCe7WguqtjYX1lRA==/base.apk*3753320564]{PCL[/system_ext/framework/androidx.window.extensions.jar*3210150721]#PCL[/system_ext/framework/androidx.window.sidecar.jar*3925677193]})
12-16 09:20:38.457 E/dioplayer:media(17104): No package ID 6a found for resource ID 0x6a0b0013.
12-16 09:20:38.549 E/sic.audioplayer(17058): No package ID 6a found for resource ID 0x6a0b0013.
12-16 09:20:38.567 W/Settings(17058): Setting android_id has moved from android.provider.Settings.System to android.provider.Settings.Secure, returning read-only value.
12-16 09:20:38.581 W/MediaPlayer(17104): Use of stream types is deprecated for operations other than volume control
12-16 09:20:38.581 W/MediaPlayer(17104): See the documentation of setAudioStreamType() for what to use instead with android.media.AudioAttributes to qualify your playback use case
12-16 09:20:38.623 W/MediaPlayer(17104): Use of stream types is deprecated for operations other than volume control
12-16 09:20:38.623 W/MediaPlayer(17104): See the documentation of setAudioStreamType() for what to use instead with android.media.AudioAttributes to qualify your playback use case
12-16 09:20:38.810 W/sic.audioplayer(17058): Failed to find entry 'classes.dex': Entry not found
12-16 09:20:38.869 W/sic.audioplayer(17058): ClassLoaderContext type mismatch. expected=PCL, found=DLC (PCL[] | DLC[];PCL[/data/app/~~hXbUeudN0VENSv-0_AtuVA==/musicplayer.playmusic.audioplayer-Uzh23avCe7WguqtjYX1lRA==/base.apk*3753320564]{PCL[/system_ext/framework/androidx.window.extensions.jar*3210150721]#PCL[/system_ext/framework/androidx.window.sidecar.jar*3925677193]})
12-16 09:20:38.968 E/AudioSystem-JNI(17104): Command failed for android_media_AudioSystem_setParameters: -1
12-16 09:20:38.978 E/AudioSystem-JNI(17104): Command failed for android_media_AudioSystem_setParameters: -1
12-16 09:20:39.121 W/WindowOnBackDispatcher(17058): OnBackInvokedCallback is not enabled for the application.
12-16 09:20:39.121 W/WindowOnBackDispatcher(17058): Set 'android:enableOnBackInvokedCallback="true"' in the application manifest.
12-16 09:20:39.158 W/HWUI    (17058): Unknown dataspace 0
12-16 09:20:39.213 E/chromium(17058): [1216/092039.210709:ERROR:android_webview/browser/variations/variations_seed_loader.cc:39] Seed missing signature.
12-16 09:20:39.226 W/System.err(17058): java.net.MalformedURLException: no protocol: 
12-16 09:20:39.229 W/System.err(17058): 	at java.net.URL.<init>(URL.java:601)
12-16 09:20:39.229 W/System.err(17058): 	at java.net.URL.<init>(URL.java:498)
12-16 09:20:39.229 W/System.err(17058): 	at java.net.URL.<init>(URL.java:447)
12-16 09:20:39.229 W/System.err(17058): 	at Z8.d.b(ConfigUtils.java:18)
12-16 09:20:39.229 W/System.err(17058): 	at E.j.run(CustomTabsClient.java:59)
12-16 09:20:39.229 W/System.err(17058): 	at java.lang.Thread.run(Thread.java:1119)
12-16 09:20:39.602 W/chromium(17058): [WARNING:android_webview/browser/network_service/net_helpers.cc:143] HTTP Cache size is: 20971520
12-16 09:20:39.810 W/sic.audioplayer(17058): Suspending all threads took: 6.412ms
12-16 09:20:39.898 E/sic.audioplayer(17058): hiddenapi: Accessing hidden field Landroid/webkit/WebViewFactory;->sDataDirectorySuffix:Ljava/lang/String; (runtime_flags=0, domain=platform, api=max-target-o) from Lcom/bytedance/sdk/openadsdk/multipro/aAs; (domain=app) using reflection: denied
12-16 09:20:39.923 E/sic.audioplayer(17058): [perfctl] 17058 17058 FPSGO ver:0
12-16 09:20:39.924 E/sic.audioplayer(17058): [perfctl] 0 0 0 0
12-16 09:20:40.091 W/Settings(17058): Setting adb_enabled has moved from android.provider.Settings.Secure to android.provider.Settings.Global.
12-16 09:20:40.170 W/libc    (17058): Access denied finding property "ro.serialno"
12-16 09:20:40.181 W/Settings(17058): Setting animator_duration_scale has moved from android.provider.Settings.System to android.provider.Settings.Global, returning read-only value.
12-16 09:20:40.227 W/cr_media(17058): BLUETOOTH_CONNECT permission is missing.
12-16 09:20:40.235 W/cr_media(17058): getBluetoothAdapter() requires BLUETOOTH permission
12-16 09:20:40.235 W/cr_media(17058): registerBluetoothIntentsIfNeeded: Requires BLUETOOTH permission
12-16 09:20:40.463 W/libc    (17058): Access denied finding property "qemu.hw.mainkeys"
12-16 09:20:40.464 W/libc    (17058): Access denied finding property "vendor.qemu.timezone"
12-16 09:20:40.464 W/libc    (17058): Access denied finding property "vendor.qemu.vport.bluetooth"
12-16 09:20:40.464 W/libc    (17058): Access denied finding property "vendor.qemu.sf.fake_camera"
12-16 09:20:40.465 W/libc    (17058): Access denied finding property "vendor.qemu.dev.bootcomplete"
12-16 09:20:40.465 W/libc    (17058): Access denied finding property "vendor.qemu.vport.modem"
12-16 09:20:40.465 W/libc    (17058): Access denied finding property "qemu.sf.lcd_density"
12-16 09:20:40.588 W/libc    (17058): Access denied finding property "ro.serialno"
12-16 09:20:40.739 W/Settings(17058): Setting adb_enabled has moved from android.provider.Settings.Secure to android.provider.Settings.Global.
12-16 09:20:40.907 W/AudioCapabilities(17058): Unsupported mediaType audio/evrc
12-16 09:20:40.908 W/AudioCapabilities(17058): Unsupported mediaType audio/evrc
12-16 09:20:40.909 W/AudioCapabilities(17058): Unsupported mediaType audio/x-ima
12-16 09:20:40.910 W/AudioCapabilities(17058): Unsupported mediaType audio/mpeg-L1
12-16 09:20:40.911 W/AudioCapabilities(17058): Unsupported mediaType audio/mpeg-L2
12-16 09:20:40.914 W/AudioCapabilities(17058): Unsupported mediaType audio/qcelp
12-16 09:20:40.915 W/AudioCapabilities(17058): Unsupported mediaType audio/qcelp
12-16 09:20:40.920 W/VideoCapabilities(17058): Unsupported mime video/wvc1
12-16 09:20:40.925 W/VideoCapabilities(17058): Unsupported mime video/x-ms-wmv
12-16 09:20:40.950 W/InteractionJankMonitor(17058): Initializing without READ_DEVICE_CONFIG permission. enabled=false, interval=1, missedFrameThreshold=3, frameTimeThreshold=64, package=musicplayer.playmusic.audioplayer
12-16 09:20:40.957 W/VideoCapabilities(17058): Unsupported mime image/vnd.android.heic
12-16 09:20:40.959 W/VideoCapabilities(17058): Unsupported mime image/vnd.android.heic
12-16 09:20:40.964 W/VideoCapabilities(17058): Unrecognized profile/level 32768/256 for video/mp4v-es
12-16 09:20:40.973 W/VideoCapabilities(17058): Unrecognized profile/level 32768/256 for video/mp4v-es
12-16 09:20:41.015 W/AudioCapabilities(17058): Unsupported mime audio/evrc
12-16 09:20:41.021 W/AudioCapabilities(17058): Unsupported mime audio/evrc
12-16 09:20:41.021 W/AudioCapabilities(17058): Unsupported mime audio/x-ima
12-16 09:20:41.022 W/AudioCapabilities(17058): Unsupported mime audio/mpeg-L1
12-16 09:20:41.022 W/AudioCapabilities(17058): Unsupported mime audio/mpeg-L2
12-16 09:20:41.022 W/AudioCapabilities(17058): Unsupported mime audio/qcelp
12-16 09:20:41.022 W/AudioCapabilities(17058): Unsupported mime audio/qcelp
12-16 09:20:41.022 W/VideoCapabilities(17058): Unsupported mime video/wvc1
12-16 09:20:41.022 W/VideoCapabilities(17058): Unsupported mime video/wvc1
12-16 09:20:41.022 W/VideoCapabilities(17058): Unsupported mime video/x-ms-wmv
12-16 09:20:41.027 W/VideoCapabilities(17058): Unsupported mime image/vnd.android.heic
12-16 09:20:41.033 W/VideoCapabilities(17058): Unsupported mime image/vnd.android.heic
12-16 09:20:41.033 W/VideoCapabilities(17058): Unsupported mime image/vnd.android.heic
12-16 09:20:41.037 W/VideoCapabilities(17058): Unrecognized profile/level 32768/256 for video/mp4v-es
12-16 09:20:41.037 W/VideoCapabilities(17058): Unrecognized profile/level 32768/256 for video/mp4v-es
12-16 09:20:41.037 W/VideoCapabilities(17058): Unrecognized profile/level 32768/256 for video/mp4v-es
12-16 09:20:41.068 E/sic.audioplayer(17058): No package ID 6a found for resource ID 0x6a0b0013.
12-16 09:20:41.086 W/Settings(17058): Setting adb_enabled has moved from android.provider.Settings.Secure to android.provider.Settings.Global.
12-16 09:20:41.110 W/ServiceBindIntentUtils(17058): Dynamic lookup for intent failed for action: com.google.android.gms.ads.service.CACHE
12-16 09:20:41.160 W/sic.audioplayer(17058): Suspending all threads took: 5.235ms
12-16 09:20:41.328 W/Ads     (17058): Not retrying to fetch app settings
12-16 09:20:41.337 W/ServiceBindIntentUtils(17058): Dynamic lookup for intent failed for action: com.google.android.gms.ads.service.START
12-16 09:20:46.601 W/libc    (17058): Access denied finding property "qemu.hw.mainkeys"
12-16 09:20:46.602 W/libc    (17058): Access denied finding property "vendor.qemu.timezone"
12-16 09:20:46.602 W/libc    (17058): Access denied finding property "vendor.qemu.vport.bluetooth"
12-16 09:20:46.602 W/libc    (17058): Access denied finding property "vendor.qemu.sf.fake_camera"
12-16 09:20:46.602 W/libc    (17058): Access denied finding property "vendor.qemu.dev.bootcomplete"
12-16 09:20:46.603 W/libc    (17058): Access denied finding property "vendor.qemu.vport.modem"
12-16 09:20:46.603 W/libc    (17058): Access denied finding property "qemu.sf.lcd_density"
--------- beginning of system
12-16 09:20:50.104 W/PowerProfile(17058): ambient.on is deprecated! Use ambient.on.display0 instead.
12-16 09:20:50.104 W/PowerProfile(17058): screen.on is deprecated! Use screen.on.display0 instead.
12-16 09:20:50.104 W/PowerProfile(17058): screen.full is deprecated! Use screen.full.display0 instead.
12-16 09:20:50.106 W/ModemPowerProfile(17058): getAverageBatteryDrainMaH called with unexpected key: 0x0, drain:SLEEP,RAT:DEFAULT
12-16 09:20:50.106 W/ModemPowerProfile(17058): getAverageBatteryDrainMaH called with unexpected key: 0x10000000, drain:IDLE,RAT:DEFAULT
12-16 09:20:50.106 W/ModemPowerProfile(17058): getAverageBatteryDrainMaH called with unexpected key: 0x20000000, drain:RX,RAT:DEFAULT
12-16 09:20:50.106 W/ModemPowerProfile(17058): getAverageBatteryDrainMaH called with unexpected key: 0x30000000, drain:TX,level:0,RAT:DEFAULT
12-16 09:20:50.106 W/ModemPowerProfile(17058): getAverageBatteryDrainMaH called with unexpected key: 0x31000000, drain:TX,level:1,RAT:DEFAULT
12-16 09:20:50.106 W/ModemPowerProfile(17058): getAverageBatteryDrainMaH called with unexpected key: 0x32000000, drain:TX,level:2,RAT:DEFAULT
12-16 09:20:50.107 W/ModemPowerProfile(17058): getAverageBatteryDrainMaH called with unexpected key: 0x33000000, drain:TX,level:3,RAT:DEFAULT
12-16 09:20:50.107 W/ModemPowerProfile(17058): getAverageBatteryDrainMaH called with unexpected key: 0x34000000, drain:TX,level:4,RAT:DEFAULT
12-16 09:20:50.574 W/libc    (17058): Access denied finding property "init.svc.vendor.health-cuttlefish"
12-16 09:20:50.575 W/libc    (17058): Access denied finding property "ro.boottime.vendor.health-cuttlefish"
12-16 09:20:50.577 W/libc    (17058): Access denied finding property "ro.oem_unlock_supported"
12-16 09:20:55.581 E/FilePhenotypeFlags(17058): Config package com.google.android.gms.clearcut_client#musicplayer.playmusic.audioplayer cannot use FILE backing without declarative registration. See go/phenotype-android-integration#phenotype for more information. This will lead to stale flags.
12-16 09:21:00.667 W/WindowOnBackDispatcher(17058): sendCancelIfRunning: isInProgress=false callback=android.view.ViewRootImpl$$ExternalSyntheticLambda16@374c2f7
12-16 09:21:13.067 E/dioplayer:media(18870): Not starting debugger since process cannot load the jdwp agent.
12-16 09:21:13.187 W/dioplayer:media(18870): Failed to find entry 'classes.dex': Entry not found
12-16 09:21:13.441 E/ashmem  (18870): Pinning is deprecated since Android Q. Please use trim or other methods.
12-16 09:21:13.531 W/dioplayer:media(18870): ClassLoaderContext classpath size mismatch. expected=1, found=0 (DLC[];PCL[base.apk*2084529788]{PCL[/system/framework/org.apache.http.legacy.jar*2001478317]#PCL[/system/framework/com.android.media.remotedisplay.jar*487574312]#PCL[/system/framework/com.android.location.provider.jar*1570284764]#PCL[/system_ext/framework/androidx.window.extensions.jar*3210150721]#PCL[/system_ext/framework/androidx.window.sidecar.jar*3925677193]} | DLC[];PCL[])
12-16 09:21:13.619 W/System  (18870): ClassLoader referenced unknown path: 
12-16 09:21:13.662 W/dioplayer:media(18870): ClassLoaderContext classpath element checksum mismatch. expected=2084529788, found=3753320564 (DLC[];PCL[base.apk*2084529788]{PCL[/system/framework/org.apache.http.legacy.jar*2001478317]#PCL[/system/framework/com.android.media.remotedisplay.jar*487574312]#PCL[/system/framework/com.android.location.provider.jar*1570284764]#PCL[/system_ext/framework/androidx.window.extensions.jar*3210150721]#PCL[/system_ext/framework/androidx.window.sidecar.jar*3925677193]} | DLC[];PCL[/data/app/~~hXbUeudN0VENSv-0_AtuVA==/musicplayer.playmusic.audioplayer-Uzh23avCe7WguqtjYX1lRA==/base.apk*3753320564]{PCL[/system_ext/framework/androidx.window.extensions.jar*3210150721]#PCL[/system_ext/framework/androidx.window.sidecar.jar*3925677193]})
12-16 09:21:13.911 E/dioplayer:media(18870): No package ID 6a found for resource ID 0x6a0b0013.
12-16 09:21:14.097 W/MediaPlayer(18870): Use of stream types is deprecated for operations other than volume control
12-16 09:21:14.097 W/MediaPlayer(18870): See the documentation of setAudioStreamType() for what to use instead with android.media.AudioAttributes to qualify your playback use case
12-16 09:21:14.118 W/MediaPlayer(18870): Use of stream types is deprecated for operations other than volume control
12-16 09:21:14.118 W/MediaPlayer(18870): See the documentation of setAudioStreamType() for what to use instead with android.media.AudioAttributes to qualify your playback use case
12-16 09:21:14.733 E/AudioSystem-JNI(18870): Command failed for android_media_AudioSystem_setParameters: -1
12-16 09:21:14.757 E/AudioSystem-JNI(18870): Command failed for android_media_AudioSystem_setParameters: -1
12-16 09:21:15.740 E/dioplayer:media(19220): Not starting debugger since process cannot load the jdwp agent.
12-16 09:21:15.821 W/dioplayer:media(19220): Failed to find entry 'classes.dex': Entry not found
12-16 09:21:15.933 E/ashmem  (19220): Pinning is deprecated since Android Q. Please use trim or other methods.
12-16 09:21:15.955 W/dioplayer:media(19220): ClassLoaderContext classpath size mismatch. expected=1, found=0 (DLC[];PCL[base.apk*2084529788]{PCL[/system/framework/org.apache.http.legacy.jar*2001478317]#PCL[/system/framework/com.android.media.remotedisplay.jar*487574312]#PCL[/system/framework/com.android.location.provider.jar*1570284764]#PCL[/system_ext/framework/androidx.window.extensions.jar*3210150721]#PCL[/system_ext/framework/androidx.window.sidecar.jar*3925677193]} | DLC[];PCL[])
12-16 09:21:16.027 W/System  (19220): ClassLoader referenced unknown path: 
12-16 09:21:16.100 W/dioplayer:media(19220): ClassLoaderContext classpath element checksum mismatch. expected=2084529788, found=3753320564 (DLC[];PCL[base.apk*2084529788]{PCL[/system/framework/org.apache.http.legacy.jar*2001478317]#PCL[/system/framework/com.android.media.remotedisplay.jar*487574312]#PCL[/system/framework/com.android.location.provider.jar*1570284764]#PCL[/system_ext/framework/androidx.window.extensions.jar*3210150721]#PCL[/system_ext/framework/androidx.window.sidecar.jar*3925677193]} | DLC[];PCL[/data/app/~~hXbUeudN0VENSv-0_AtuVA==/musicplayer.playmusic.audioplayer-Uzh23avCe7WguqtjYX1lRA==/base.apk*3753320564]{PCL[/system_ext/framework/androidx.window.extensions.jar*3210150721]#PCL[/system_ext/framework/androidx.window.sidecar.jar*3925677193]})
12-16 09:21:16.467 W/MediaPlayer(19220): Use of stream types is deprecated for operations other than volume control
12-16 09:21:16.467 W/MediaPlayer(19220): See the documentation of setAudioStreamType() for what to use instead with android.media.AudioAttributes to qualify your playback use case
12-16 09:21:16.493 W/MediaPlayer(19220): Use of stream types is deprecated for operations other than volume control
12-16 09:21:16.493 W/MediaPlayer(19220): See the documentation of setAudioStreamType() for what to use instead with android.media.AudioAttributes to qualify your playback use case
12-16 09:21:16.646 E/dioplayer:media(19220): No package ID 6a found for resource ID 0x6a0b0013.
12-16 09:21:16.710 E/sic.audioplayer(19436): Not starting debugger since process cannot load the jdwp agent.
12-16 09:21:16.851 W/sic.audioplayer(19436): Failed to find entry 'classes.dex': Entry not found
12-16 09:21:16.940 W/sic.audioplayer(19436): ClassLoaderContext classpath size mismatch. expected=1, found=0 (DLC[];PCL[base.apk*2084529788]{PCL[/system/framework/org.apache.http.legacy.jar*2001478317]#PCL[/system/framework/com.android.media.remotedisplay.jar*487574312]#PCL[/system/framework/com.android.location.provider.jar*1570284764]#PCL[/system_ext/framework/androidx.window.extensions.jar*3210150721]#PCL[/system_ext/framework/androidx.window.sidecar.jar*3925677193]} | DLC[];PCL[])
12-16 09:21:16.971 W/System  (19436): ClassLoader referenced unknown path: 
12-16 09:21:16.993 E/ashmem  (19436): Pinning is deprecated since Android Q. Please use trim or other methods.
12-16 09:21:16.999 W/sic.audioplayer(19436): ClassLoaderContext classpath element checksum mismatch. expected=2084529788, found=3753320564 (DLC[];PCL[base.apk*2084529788]{PCL[/system/framework/org.apache.http.legacy.jar*2001478317]#PCL[/system/framework/com.android.media.remotedisplay.jar*487574312]#PCL[/system/framework/com.android.location.provider.jar*1570284764]#PCL[/system_ext/framework/androidx.window.extensions.jar*3210150721]#PCL[/system_ext/framework/androidx.window.sidecar.jar*3925677193]} | DLC[];PCL[/data/app/~~hXbUeudN0VENSv-0_AtuVA==/musicplayer.playmusic.audioplayer-Uzh23avCe7WguqtjYX1lRA==/base.apk*3753320564]{PCL[/system_ext/framework/androidx.window.extensions.jar*3210150721]#PCL[/system_ext/framework/androidx.window.sidecar.jar*3925677193]})
12-16 09:21:17.091 W/dioplayer:media(19220): Long monitor contention with owner MusicServiceThread-1 (19426) at android.content.IContentProvider android.app.ActivityThread.acquireProvider(android.content.Context, java.lang.String, int, boolean)(ActivityThread.java:9152) waiters=0 in android.content.IContentProvider android.app.ActivityThread.acquireProvider(android.content.Context, java.lang.String, int, boolean) for 436ms
12-16 09:21:17.175 E/sic.audioplayer(19436): No package ID 6a found for resource ID 0x6a0b0013.
12-16 09:21:17.244 E/AudioSystem-JNI(19220): Command failed for android_media_AudioSystem_setParameters: -1
12-16 09:21:17.311 E/AudioSystem-JNI(19220): Command failed for android_media_AudioSystem_setParameters: -1
12-16 09:21:17.822 E/dioplayer:media(19623): Not starting debugger since process cannot load the jdwp agent.
12-16 09:21:17.872 W/dioplayer:media(19623): Failed to find entry 'classes.dex': Entry not found
12-16 09:21:17.924 E/ashmem  (19623): Pinning is deprecated since Android Q. Please use trim or other methods.
12-16 09:21:17.943 W/dioplayer:media(19623): ClassLoaderContext classpath size mismatch. expected=1, found=0 (DLC[];PCL[base.apk*2084529788]{PCL[/system/framework/org.apache.http.legacy.jar*2001478317]#PCL[/system/framework/com.android.media.remotedisplay.jar*487574312]#PCL[/system/framework/com.android.location.provider.jar*1570284764]#PCL[/system_ext/framework/androidx.window.extensions.jar*3210150721]#PCL[/system_ext/framework/androidx.window.sidecar.jar*3925677193]} | DLC[];PCL[])
12-16 09:21:17.960 W/System  (19623): ClassLoader referenced unknown path: 
12-16 09:21:18.000 W/dioplayer:media(19623): ClassLoaderContext classpath element checksum mismatch. expected=2084529788, found=3753320564 (DLC[];PCL[base.apk*2084529788]{PCL[/system/framework/org.apache.http.legacy.jar*2001478317]#PCL[/system/framework/com.android.media.remotedisplay.jar*487574312]#PCL[/system/framework/com.android.location.provider.jar*1570284764]#PCL[/system_ext/framework/androidx.window.extensions.jar*3210150721]#PCL[/system_ext/framework/androidx.window.sidecar.jar*3925677193]} | DLC[];PCL[/data/app/~~hXbUeudN0VENSv-0_AtuVA==/musicplayer.playmusic.audioplayer-Uzh23avCe7WguqtjYX1lRA==/base.apk*3753320564]{PCL[/system_ext/framework/androidx.window.extensions.jar*3210150721]#PCL[/system_ext/framework/androidx.window.sidecar.jar*3925677193]})
12-16 09:21:18.195 W/MediaPlayer(19623): Use of stream types is deprecated for operations other than volume control
12-16 09:21:18.195 W/MediaPlayer(19623): See the documentation of setAudioStreamType() for what to use instead with android.media.AudioAttributes to qualify your playback use case
12-16 09:21:18.208 W/MediaPlayer(19623): Use of stream types is deprecated for operations other than volume control
12-16 09:21:18.208 W/MediaPlayer(19623): See the documentation of setAudioStreamType() for what to use instead with android.media.AudioAttributes to qualify your playback use case
12-16 09:21:18.447 E/dioplayer:media(19623): No package ID 6a found for resource ID 0x6a0b0013.
12-16 09:21:18.669 E/sic.audioplayer(19726): Not starting debugger since process cannot load the jdwp agent.
12-16 09:21:18.765 W/sic.audioplayer(19726): Failed to find entry 'classes.dex': Entry not found
12-16 09:21:18.908 W/sic.audioplayer(19726): ClassLoaderContext classpath size mismatch. expected=1, found=0 (DLC[];PCL[base.apk*2084529788]{PCL[/system/framework/org.apache.http.legacy.jar*2001478317]#PCL[/system/framework/com.android.media.remotedisplay.jar*487574312]#PCL[/system/framework/com.android.location.provider.jar*1570284764]#PCL[/system_ext/framework/androidx.window.extensions.jar*3210150721]#PCL[/system_ext/framework/androidx.window.sidecar.jar*3925677193]} | DLC[];PCL[])
12-16 09:21:18.980 W/System  (19726): ClassLoader referenced unknown path: 
12-16 09:21:19.028 W/sic.audioplayer(19726): ClassLoaderContext classpath element checksum mismatch. expected=2084529788, found=3753320564 (DLC[];PCL[base.apk*2084529788]{PCL[/system/framework/org.apache.http.legacy.jar*2001478317]#PCL[/system/framework/com.android.media.remotedisplay.jar*487574312]#PCL[/system/framework/com.android.location.provider.jar*1570284764]#PCL[/system_ext/framework/androidx.window.extensions.jar*3210150721]#PCL[/system_ext/framework/androidx.window.sidecar.jar*3925677193]} | DLC[];PCL[/data/app/~~hXbUeudN0VENSv-0_AtuVA==/musicplayer.playmusic.audioplayer-Uzh23avCe7WguqtjYX1lRA==/base.apk*3753320564]{PCL[/system_ext/framework/androidx.window.extensions.jar*3210150721]#PCL[/system_ext/framework/androidx.window.sidecar.jar*3925677193]})
12-16 09:21:19.079 E/ashmem  (19726): Pinning is deprecated since Android Q. Please use trim or other methods.
12-16 09:21:19.267 E/AudioSystem-JNI(19623): Command failed for android_media_AudioSystem_setParameters: -1
12-16 09:21:19.316 E/AudioSystem-JNI(19623): Command failed for android_media_AudioSystem_setParameters: -1
12-16 09:21:19.613 E/sic.audioplayer(19726): No package ID 6a found for resource ID 0x6a0b0013.
12-16 09:21:20.287 E/dioplayer:media(19911): Not starting debugger since process cannot load the jdwp agent.
12-16 09:21:20.355 W/dioplayer:media(19911): Failed to find entry 'classes.dex': Entry not found
12-16 09:21:20.424 E/ashmem  (19911): Pinning is deprecated since Android Q. Please use trim or other methods.
12-16 09:21:20.485 W/dioplayer:media(19911): ClassLoaderContext classpath size mismatch. expected=1, found=0 (DLC[];PCL[base.apk*2084529788]{PCL[/system/framework/org.apache.http.legacy.jar*2001478317]#PCL[/system/framework/com.android.media.remotedisplay.jar*487574312]#PCL[/system/framework/com.android.location.provider.jar*1570284764]#PCL[/system_ext/framework/androidx.window.extensions.jar*3210150721]#PCL[/system_ext/framework/androidx.window.sidecar.jar*3925677193]} | DLC[];PCL[])
12-16 09:21:20.514 W/System  (19911): ClassLoader referenced unknown path: 
12-16 09:21:20.534 W/dioplayer:media(19911): ClassLoaderContext classpath element checksum mismatch. expected=2084529788, found=3753320564 (DLC[];PCL[base.apk*2084529788]{PCL[/system/framework/org.apache.http.legacy.jar*2001478317]#PCL[/system/framework/com.android.media.remotedisplay.jar*487574312]#PCL[/system/framework/com.android.location.provider.jar*1570284764]#PCL[/system_ext/framework/androidx.window.extensions.jar*3210150721]#PCL[/system_ext/framework/androidx.window.sidecar.jar*3925677193]} | DLC[];PCL[/data/app/~~hXbUeudN0VENSv-0_AtuVA==/musicplayer.playmusic.audioplayer-Uzh23avCe7WguqtjYX1lRA==/base.apk*3753320564]{PCL[/system_ext/framework/androidx.window.extensions.jar*3210150721]#PCL[/system_ext/framework/androidx.window.sidecar.jar*3925677193]})
12-16 09:21:20.731 W/MediaPlayer(19911): Use of stream types is deprecated for operations other than volume control
12-16 09:21:20.731 W/MediaPlayer(19911): See the documentation of setAudioStreamType() for what to use instead with android.media.AudioAttributes to qualify your playback use case
12-16 09:21:20.751 W/MediaPlayer(19911): Use of stream types is deprecated for operations other than volume control
12-16 09:21:20.751 W/MediaPlayer(19911): See the documentation of setAudioStreamType() for what to use instead with android.media.AudioAttributes to qualify your playback use case
12-16 09:21:20.764 E/dioplayer:media(19911): No package ID 6a found for resource ID 0x6a0b0013.
12-16 09:21:20.867 E/sic.audioplayer(19982): Not starting debugger since process cannot load the jdwp agent.
12-16 09:21:20.915 W/sic.audioplayer(19982): Failed to find entry 'classes.dex': Entry not found
12-16 09:21:20.980 E/ashmem  (19982): Pinning is deprecated since Android Q. Please use trim or other methods.
12-16 09:21:20.986 W/sic.audioplayer(19982): ClassLoaderContext classpath size mismatch. expected=1, found=0 (DLC[];PCL[base.apk*2084529788]{PCL[/system/framework/org.apache.http.legacy.jar*2001478317]#PCL[/system/framework/com.android.media.remotedisplay.jar*487574312]#PCL[/system/framework/com.android.location.provider.jar*1570284764]#PCL[/system_ext/framework/androidx.window.extensions.jar*3210150721]#PCL[/system_ext/framework/androidx.window.sidecar.jar*3925677193]} | DLC[];PCL[])
12-16 09:21:21.004 W/System  (19982): ClassLoader referenced unknown path: 
12-16 09:21:21.016 W/dioplayer:media(19911): Long monitor contention with owner MusicServiceThread-1 (19975) at android.content.IContentProvider android.app.ActivityThread.acquireProvider(android.content.Context, java.lang.String, int, boolean)(ActivityThread.java:9152) waiters=0 in android.content.IContentProvider android.app.ActivityThread.acquireProvider(android.content.Context, java.lang.String, int, boolean) for 191ms
12-16 09:21:21.031 W/sic.audioplayer(19982): ClassLoaderContext classpath element checksum mismatch. expected=2084529788, found=3753320564 (DLC[];PCL[base.apk*2084529788]{PCL[/system/framework/org.apache.http.legacy.jar*2001478317]#PCL[/system/framework/com.android.media.remotedisplay.jar*487574312]#PCL[/system/framework/com.android.location.provider.jar*1570284764]#PCL[/system_ext/framework/androidx.window.extensions.jar*3210150721]#PCL[/system_ext/framework/androidx.window.sidecar.jar*3925677193]} | DLC[];PCL[/data/app/~~hXbUeudN0VENSv-0_AtuVA==/musicplayer.playmusic.audioplayer-Uzh23avCe7WguqtjYX1lRA==/base.apk*3753320564]{PCL[/system_ext/framework/androidx.window.extensions.jar*3210150721]#PCL[/system_ext/framework/androidx.window.sidecar.jar*3925677193]})
12-16 09:21:21.138 E/AudioSystem-JNI(19911): Command failed for android_media_AudioSystem_setParameters: -1
12-16 09:21:21.176 E/AudioSystem-JNI(19911): Command failed for android_media_AudioSystem_setParameters: -1
12-16 09:21:21.235 E/sic.audioplayer(19982): No package ID 6a found for resource ID 0x6a0b0013.
12-16 09:21:21.624 E/dioplayer:media(20082): Not starting debugger since process cannot load the jdwp agent.
12-16 09:21:21.695 W/dioplayer:media(20082): Failed to find entry 'classes.dex': Entry not found
12-16 09:21:21.760 E/ashmem  (20082): Pinning is deprecated since Android Q. Please use trim or other methods.
12-16 09:21:21.846 W/dioplayer:media(20082): ClassLoaderContext classpath size mismatch. expected=1, found=0 (DLC[];PCL[base.apk*2084529788]{PCL[/system/framework/org.apache.http.legacy.jar*2001478317]#PCL[/system/framework/com.android.media.remotedisplay.jar*487574312]#PCL[/system/framework/com.android.location.provider.jar*1570284764]#PCL[/system_ext/framework/androidx.window.extensions.jar*3210150721]#PCL[/system_ext/framework/androidx.window.sidecar.jar*3925677193]} | DLC[];PCL[])
12-16 09:21:21.890 W/System  (20082): ClassLoader referenced unknown path: 
12-16 09:21:21.922 W/dioplayer:media(20082): ClassLoaderContext classpath element checksum mismatch. expected=2084529788, found=3753320564 (DLC[];PCL[base.apk*2084529788]{PCL[/system/framework/org.apache.http.legacy.jar*2001478317]#PCL[/system/framework/com.android.media.remotedisplay.jar*487574312]#PCL[/system/framework/com.android.location.provider.jar*1570284764]#PCL[/system_ext/framework/androidx.window.extensions.jar*3210150721]#PCL[/system_ext/framework/androidx.window.sidecar.jar*3925677193]} | DLC[];PCL[/data/app/~~hXbUeudN0VENSv-0_AtuVA==/musicplayer.playmusic.audioplayer-Uzh23avCe7WguqtjYX1lRA==/base.apk*3753320564]{PCL[/system_ext/framework/androidx.window.extensions.jar*3210150721]#PCL[/system_ext/framework/androidx.window.sidecar.jar*3925677193]})
12-16 09:21:22.112 W/MediaPlayer(20082): Use of stream types is deprecated for operations other than volume control
12-16 09:21:22.112 W/MediaPlayer(20082): See the documentation of setAudioStreamType() for what to use instead with android.media.AudioAttributes to qualify your playback use case
12-16 09:21:22.128 W/MediaPlayer(20082): Use of stream types is deprecated for operations other than volume control
12-16 09:21:22.128 W/MediaPlayer(20082): See the documentation of setAudioStreamType() for what to use instead with android.media.AudioAttributes to qualify your playback use case
12-16 09:21:22.310 E/dioplayer:media(20082): No package ID 6a found for resource ID 0x6a0b0013.
12-16 09:21:22.347 E/sic.audioplayer(20167): Not starting debugger since process cannot load the jdwp agent.
12-16 09:21:22.447 W/sic.audioplayer(20167): Failed to find entry 'classes.dex': Entry not found
12-16 09:21:22.574 W/sic.audioplayer(20167): ClassLoaderContext classpath size mismatch. expected=1, found=0 (DLC[];PCL[base.apk*2084529788]{PCL[/system/framework/org.apache.http.legacy.jar*2001478317]#PCL[/system/framework/com.android.media.remotedisplay.jar*487574312]#PCL[/system/framework/com.android.location.provider.jar*1570284764]#PCL[/system_ext/framework/androidx.window.extensions.jar*3210150721]#PCL[/system_ext/framework/androidx.window.sidecar.jar*3925677193]} | DLC[];PCL[])
12-16 09:21:22.605 E/ashmem  (20167): Pinning is deprecated since Android Q. Please use trim or other methods.
12-16 09:21:22.711 W/System  (20167): ClassLoader referenced unknown path: 
12-16 09:21:22.817 W/sic.audioplayer(20167): ClassLoaderContext classpath element checksum mismatch. expected=2084529788, found=3753320564 (DLC[];PCL[base.apk*2084529788]{PCL[/system/framework/org.apache.http.legacy.jar*2001478317]#PCL[/system/framework/com.android.media.remotedisplay.jar*487574312]#PCL[/system/framework/com.android.location.provider.jar*1570284764]#PCL[/system_ext/framework/androidx.window.extensions.jar*3210150721]#PCL[/system_ext/framework/androidx.window.sidecar.jar*3925677193]} | DLC[];PCL[/data/app/~~hXbUeudN0VENSv-0_AtuVA==/musicplayer.playmusic.audioplayer-Uzh23avCe7WguqtjYX1lRA==/base.apk*3753320564]{PCL[/system_ext/framework/androidx.window.extensions.jar*3210150721]#PCL[/system_ext/framework/androidx.window.sidecar.jar*3925677193]})
12-16 09:21:22.925 E/AudioSystem-JNI(20082): Command failed for android_media_AudioSystem_setParameters: -1
12-16 09:21:22.954 E/AudioSystem-JNI(20082): Command failed for android_media_AudioSystem_setParameters: -1
12-16 09:21:23.171 E/sic.audioplayer(20167): No package ID 6a found for resource ID 0x6a0b0013.
12-16 09:21:23.476 E/dioplayer:media(20286): Not starting debugger since process cannot load the jdwp agent.
12-16 09:21:23.584 W/dioplayer:media(20286): Failed to find entry 'classes.dex': Entry not found
12-16 09:21:23.748 E/ashmem  (20286): Pinning is deprecated since Android Q. Please use trim or other methods.
12-16 09:21:23.783 W/dioplayer:media(20286): ClassLoaderContext classpath size mismatch. expected=1, found=0 (DLC[];PCL[base.apk*2084529788]{PCL[/system/framework/org.apache.http.legacy.jar*2001478317]#PCL[/system/framework/com.android.media.remotedisplay.jar*487574312]#PCL[/system/framework/com.android.location.provider.jar*1570284764]#PCL[/system_ext/framework/androidx.window.extensions.jar*3210150721]#PCL[/system_ext/framework/androidx.window.sidecar.jar*3925677193]} | DLC[];PCL[])
12-16 09:21:23.821 W/System  (20286): ClassLoader referenced unknown path: 
12-16 09:21:23.844 W/dioplayer:media(20286): ClassLoaderContext classpath element checksum mismatch. expected=2084529788, found=3753320564 (DLC[];PCL[base.apk*2084529788]{PCL[/system/framework/org.apache.http.legacy.jar*2001478317]#PCL[/system/framework/com.android.media.remotedisplay.jar*487574312]#PCL[/system/framework/com.android.location.provider.jar*1570284764]#PCL[/system_ext/framework/androidx.window.extensions.jar*3210150721]#PCL[/system_ext/framework/androidx.window.sidecar.jar*3925677193]} | DLC[];PCL[/data/app/~~hXbUeudN0VENSv-0_AtuVA==/musicplayer.playmusic.audioplayer-Uzh23avCe7WguqtjYX1lRA==/base.apk*3753320564]{PCL[/system_ext/framework/androidx.window.extensions.jar*3210150721]#PCL[/system_ext/framework/androidx.window.sidecar.jar*3925677193]})
12-16 09:21:24.206 W/MediaPlayer(20286): Use of stream types is deprecated for operations other than volume control
12-16 09:21:24.206 W/MediaPlayer(20286): See the documentation of setAudioStreamType() for what to use instead with android.media.AudioAttributes to qualify your playback use case
12-16 09:21:24.215 E/dioplayer:media(20286): No package ID 6a found for resource ID 0x6a0b0013.
12-16 09:21:24.234 W/MediaPlayer(20286): Use of stream types is deprecated for operations other than volume control
12-16 09:21:24.234 W/MediaPlayer(20286): See the documentation of setAudioStreamType() for what to use instead with android.media.AudioAttributes to qualify your playback use case
12-16 09:21:24.580 W/BulkCursor(20286): Remote process exception when closing
12-16 09:36:45.895 E/sic.audioplayer( 2231): Not starting debugger since process cannot load the jdwp agent.
12-16 09:36:45.990 W/sic.audioplayer( 2231): Failed to find entry 'classes.dex': Entry not found
12-16 09:36:46.378 W/sic.audioplayer( 2231): ClassLoaderContext classpath size mismatch. expected=1, found=0 (DLC[];PCL[base.apk*2084529788]{PCL[/system/framework/org.apache.http.legacy.jar*2001478317]#PCL[/system/framework/com.android.media.remotedisplay.jar*487574312]#PCL[/system/framework/com.android.location.provider.jar*1570284764]#PCL[/system_ext/framework/androidx.window.extensions.jar*3210150721]#PCL[/system_ext/framework/androidx.window.sidecar.jar*3925677193]} | DLC[];PCL[])
12-16 09:36:46.424 W/System  ( 2231): ClassLoader referenced unknown path: 
12-16 09:36:46.436 E/ashmem  ( 2231): Pinning is deprecated since Android Q. Please use trim or other methods.
12-16 09:36:46.465 W/sic.audioplayer( 2231): ClassLoaderContext classpath element checksum mismatch. expected=2084529788, found=3753320564 (DLC[];PCL[base.apk*2084529788]{PCL[/system/framework/org.apache.http.legacy.jar*2001478317]#PCL[/system/framework/com.android.media.remotedisplay.jar*487574312]#PCL[/system/framework/com.android.location.provider.jar*1570284764]#PCL[/system_ext/framework/androidx.window.extensions.jar*3210150721]#PCL[/system_ext/framework/androidx.window.sidecar.jar*3925677193]} | DLC[];PCL[/data/app/~~hXbUeudN0VENSv-0_AtuVA==/musicplayer.playmusic.audioplayer-Uzh23avCe7WguqtjYX1lRA==/base.apk*3753320564]{PCL[/system_ext/framework/androidx.window.extensions.jar*3210150721]#PCL[/system_ext/framework/androidx.window.sidecar.jar*3925677193]})
12-16 09:36:46.640 E/dioplayer:media( 2295): Not starting debugger since process cannot load the jdwp agent.
12-16 09:36:46.644 E/sic.audioplayer( 2231): No package ID 6a found for resource ID 0x6a0b0013.
12-16 09:36:46.718 W/dioplayer:media( 2295): Failed to find entry 'classes.dex': Entry not found
12-16 09:36:46.845 E/C9      ( 2231): Network error
12-16 09:36:46.878 E/ashmem  ( 2295): Pinning is deprecated since Android Q. Please use trim or other methods.
12-16 09:36:46.991 W/dioplayer:media( 2295): ClassLoaderContext classpath size mismatch. expected=1, found=0 (DLC[];PCL[base.apk*2084529788]{PCL[/system/framework/org.apache.http.legacy.jar*2001478317]#PCL[/system/framework/com.android.media.remotedisplay.jar*487574312]#PCL[/system/framework/com.android.location.provider.jar*1570284764]#PCL[/system_ext/framework/androidx.window.extensions.jar*3210150721]#PCL[/system_ext/framework/androidx.window.sidecar.jar*3925677193]} | DLC[];PCL[])
12-16 09:36:47.041 W/System  ( 2295): ClassLoader referenced unknown path: 
12-16 09:36:47.077 W/dioplayer:media( 2295): ClassLoaderContext classpath element checksum mismatch. expected=2084529788, found=3753320564 (DLC[];PCL[base.apk*2084529788]{PCL[/system/framework/org.apache.http.legacy.jar*2001478317]#PCL[/system/framework/com.android.media.remotedisplay.jar*487574312]#PCL[/system/framework/com.android.location.provider.jar*1570284764]#PCL[/system_ext/framework/androidx.window.extensions.jar*3210150721]#PCL[/system_ext/framework/androidx.window.sidecar.jar*3925677193]} | DLC[];PCL[/data/app/~~hXbUeudN0VENSv-0_AtuVA==/musicplayer.playmusic.audioplayer-Uzh23avCe7WguqtjYX1lRA==/base.apk*3753320564]{PCL[/system_ext/framework/androidx.window.extensions.jar*3210150721]#PCL[/system_ext/framework/androidx.window.sidecar.jar*3925677193]})
12-16 09:36:47.239 E/dioplayer:media( 2295): No package ID 6a found for resource ID 0x6a0b0013.
12-16 09:36:47.330 W/MediaPlayer( 2295): Use of stream types is deprecated for operations other than volume control
12-16 09:36:47.331 W/MediaPlayer( 2295): See the documentation of setAudioStreamType() for what to use instead with android.media.AudioAttributes to qualify your playback use case
12-16 09:36:47.388 W/MediaPlayer( 2295): Use of stream types is deprecated for operations other than volume control
12-16 09:36:47.388 W/MediaPlayer( 2295): See the documentation of setAudioStreamType() for what to use instead with android.media.AudioAttributes to qualify your playback use case
12-16 09:36:47.733 E/AudioSystem-JNI( 2295): Command failed for android_media_AudioSystem_setParameters: -1
12-16 09:36:47.756 E/AudioSystem-JNI( 2295): Command failed for android_media_AudioSystem_setParameters: -1
12-16 09:36:55.080 E/dioplayer:media( 3124): Not starting debugger since process cannot load the jdwp agent.
12-16 09:36:55.137 W/dioplayer:media( 3124): Failed to find entry 'classes.dex': Entry not found
12-16 09:36:55.202 E/ashmem  ( 3124): Pinning is deprecated since Android Q. Please use trim or other methods.
12-16 09:36:55.242 W/dioplayer:media( 3124): ClassLoaderContext classpath size mismatch. expected=1, found=0 (DLC[];PCL[base.apk*2084529788]{PCL[/system/framework/org.apache.http.legacy.jar*2001478317]#PCL[/system/framework/com.android.media.remotedisplay.jar*487574312]#PCL[/system/framework/com.android.location.provider.jar*1570284764]#PCL[/system_ext/framework/androidx.window.extensions.jar*3210150721]#PCL[/system_ext/framework/androidx.window.sidecar.jar*3925677193]} | DLC[];PCL[])
12-16 09:36:55.276 W/System  ( 3124): ClassLoader referenced unknown path: 
12-16 09:36:55.301 W/dioplayer:media( 3124): ClassLoaderContext classpath element checksum mismatch. expected=2084529788, found=3753320564 (DLC[];PCL[base.apk*2084529788]{PCL[/system/framework/org.apache.http.legacy.jar*2001478317]#PCL[/system/framework/com.android.media.remotedisplay.jar*487574312]#PCL[/system/framework/com.android.location.provider.jar*1570284764]#PCL[/system_ext/framework/androidx.window.extensions.jar*3210150721]#PCL[/system_ext/framework/androidx.window.sidecar.jar*3925677193]} | DLC[];PCL[/data/app/~~hXbUeudN0VENSv-0_AtuVA==/musicplayer.playmusic.audioplayer-Uzh23avCe7WguqtjYX1lRA==/base.apk*3753320564]{PCL[/system_ext/framework/androidx.window.extensions.jar*3210150721]#PCL[/system_ext/framework/androidx.window.sidecar.jar*3925677193]})
12-16 09:36:55.383 E/dioplayer:media( 3124): No package ID 6a found for resource ID 0x6a0b0013.
12-16 09:36:55.428 W/MediaPlayer( 3124): Use of stream types is deprecated for operations other than volume control
12-16 09:36:55.428 W/MediaPlayer( 3124): See the documentation of setAudioStreamType() for what to use instead with android.media.AudioAttributes to qualify your playback use case
12-16 09:36:55.436 W/MediaPlayer( 3124): Use of stream types is deprecated for operations other than volume control
12-16 09:36:55.437 W/MediaPlayer( 3124): See the documentation of setAudioStreamType() for what to use instead with android.media.AudioAttributes to qualify your playback use case
12-16 09:36:55.589 E/AudioSystem-JNI( 3124): Command failed for android_media_AudioSystem_setParameters: -1
12-16 09:36:55.596 E/AudioSystem-JNI( 3124): Command failed for android_media_AudioSystem_setParameters: -1
12-16 09:36:56.268 E/dioplayer:media( 3295): Not starting debugger since process cannot load the jdwp agent.
12-16 09:36:56.323 W/dioplayer:media( 3295): Failed to find entry 'classes.dex': Entry not found
12-16 09:36:56.392 E/ashmem  ( 3295): Pinning is deprecated since Android Q. Please use trim or other methods.
12-16 09:36:56.417 W/dioplayer:media( 3295): ClassLoaderContext classpath size mismatch. expected=1, found=0 (DLC[];PCL[base.apk*2084529788]{PCL[/system/framework/org.apache.http.legacy.jar*2001478317]#PCL[/system/framework/com.android.media.remotedisplay.jar*487574312]#PCL[/system/framework/com.android.location.provider.jar*1570284764]#PCL[/system_ext/framework/androidx.window.extensions.jar*3210150721]#PCL[/system_ext/framework/androidx.window.sidecar.jar*3925677193]} | DLC[];PCL[])
